###############################################################################
#
# IAR ELF Linker V8.40.1.212/W32 for ARM                  18/Jul/2024  20:47:09
# Copyright 2007-2019 IAR Systems AB.
#
#    Output file  =  E:\AnyId\Git\SoftWare\OSIO\OSIO\Build\Exe\OSIO.out
#    Map file     =  E:\AnyId\Git\SoftWare\OSIO\OSIO\Build\List\OSIO.map
#    Command line =
#        -f C:\Users\swnw\AppData\Local\Temp\EW37A0.tmp
#        (E:\AnyId\Git\SoftWare\OSIO\OSIO\Build\Obj\AnyID_FRam.o
#        E:\AnyId\Git\SoftWare\OSIO\OSIO\Build\Obj\AnyID_SM5003_AD.o
#        E:\AnyId\Git\SoftWare\OSIO\OSIO\Build\Obj\AnyID_SM5003_AD_HL.o
#        E:\AnyId\Git\SoftWare\OSIO\OSIO\Build\Obj\AnyID_SM5003_Device.o
#        E:\AnyId\Git\SoftWare\OSIO\OSIO\Build\Obj\AnyID_SM5003_Fire_HL.o
#        E:\AnyId\Git\SoftWare\OSIO\OSIO\Build\Obj\AnyID_SM5003_FRam.o
#        E:\AnyId\Git\SoftWare\OSIO\OSIO\Build\Obj\AnyID_SM5003_FRam_HL.o
#        E:\AnyId\Git\SoftWare\OSIO\OSIO\Build\Obj\AnyID_SM5003_R485.o
#        E:\AnyId\Git\SoftWare\OSIO\OSIO\Build\Obj\AnyID_SM5003_R485_HL.o
#        E:\AnyId\Git\SoftWare\OSIO\OSIO\Build\Obj\AnyID_SM5003_SysCfg.o
#        E:\AnyId\Git\SoftWare\OSIO\OSIO\Build\Obj\AnyID_SM5003_SysTick_HL.o
#        E:\AnyId\Git\SoftWare\OSIO\OSIO\Build\Obj\AnyID_SM5003_Water_HL.o
#        E:\AnyId\Git\SoftWare\OSIO\OSIO\Build\Obj\AnyID_SM5003_WDG_HL.o
#        E:\AnyId\Git\SoftWare\OSIO\OSIO\Build\Obj\AnyID_Stdlib.o
#        E:\AnyId\Git\SoftWare\OSIO\OSIO\Build\Obj\AnyID_Uart_Receive.o
#        E:\AnyId\Git\SoftWare\OSIO\OSIO\Build\Obj\croutine.o
#        E:\AnyId\Git\SoftWare\OSIO\OSIO\Build\Obj\event_groups.o
#        E:\AnyId\Git\SoftWare\OSIO\OSIO\Build\Obj\heap_4.o
#        E:\AnyId\Git\SoftWare\OSIO\OSIO\Build\Obj\list.o
#        E:\AnyId\Git\SoftWare\OSIO\OSIO\Build\Obj\main.o
#        E:\AnyId\Git\SoftWare\OSIO\OSIO\Build\Obj\misc.o
#        E:\AnyId\Git\SoftWare\OSIO\OSIO\Build\Obj\port.o
#        E:\AnyId\Git\SoftWare\OSIO\OSIO\Build\Obj\portasm.o
#        E:\AnyId\Git\SoftWare\OSIO\OSIO\Build\Obj\queue.o
#        E:\AnyId\Git\SoftWare\OSIO\OSIO\Build\Obj\startup_stm32f10x_hd.o
#        E:\AnyId\Git\SoftWare\OSIO\OSIO\Build\Obj\stm32f10x_adc.o
#        E:\AnyId\Git\SoftWare\OSIO\OSIO\Build\Obj\stm32f10x_dma.o
#        E:\AnyId\Git\SoftWare\OSIO\OSIO\Build\Obj\stm32f10x_exti.o
#        E:\AnyId\Git\SoftWare\OSIO\OSIO\Build\Obj\stm32f10x_flash.o
#        E:\AnyId\Git\SoftWare\OSIO\OSIO\Build\Obj\stm32f10x_gpio.o
#        E:\AnyId\Git\SoftWare\OSIO\OSIO\Build\Obj\stm32f10x_it.o
#        E:\AnyId\Git\SoftWare\OSIO\OSIO\Build\Obj\stm32f10x_iwdg.o
#        E:\AnyId\Git\SoftWare\OSIO\OSIO\Build\Obj\stm32f10x_rcc.o
#        E:\AnyId\Git\SoftWare\OSIO\OSIO\Build\Obj\stm32f10x_spi.o
#        E:\AnyId\Git\SoftWare\OSIO\OSIO\Build\Obj\stm32f10x_tim.o
#        E:\AnyId\Git\SoftWare\OSIO\OSIO\Build\Obj\stm32f10x_usart.o
#        E:\AnyId\Git\SoftWare\OSIO\OSIO\Build\Obj\stream_buffer.o
#        E:\AnyId\Git\SoftWare\OSIO\OSIO\Build\Obj\system_stm32f10x.o
#        E:\AnyId\Git\SoftWare\OSIO\OSIO\Build\Obj\tasks.o
#        E:\AnyId\Git\SoftWare\OSIO\OSIO\Build\Obj\timers.o --redirect
#        _Printf=_PrintfFull --redirect _Scanf=_ScanfFull --no_out_extension -o
#        E:\AnyId\Git\SoftWare\OSIO\OSIO\Build\Exe\OSIO.out --map
#        E:\AnyId\Git\SoftWare\OSIO\OSIO\Build\List\OSIO.map --config
#        E:\AnyId\Git\SoftWare\OSIO\OSIO\GD32F103x8.icf --semihosting --entry
#        __iar_program_start --vfe --text_out locale)
#
###############################################################################

*******************************************************************************
*** RUNTIME MODEL ATTRIBUTES
***

CppFlavor       = *
__SystemLibrary = DLib
__dlib_version  = 6


*******************************************************************************
*** HEAP SELECTION
***

The basic heap was selected because no calls to memory allocation
functions were found in the application outside of system library
functions, and there are calls to deallocation functions in the
application.


*******************************************************************************
*** PLACEMENT SUMMARY
***

"A0":  place at address 0x800'0000 { ro section .intvec };
"P1":  place in [from 0x800'0000 to 0x800'ffff] { ro };
define block CSTACK with size = 2560, alignment = 8 { };
define block HEAP with size = 2560, alignment = 8 { };
"P2":  place in [from 0x2000'0000 to 0x2000'4fff] {
          rw, block CSTACK, block HEAP };
initialize by copy { rw };

  Section            Kind         Address    Size  Object
  -------            ----         -------    ----  ------
"A0":                                       0x130
  .intvec            ro code   0x800'0000   0x130  startup_stm32f10x_hd.o [1]
                             - 0x800'0130   0x130

"P1":                                      0x5aea
  .text              ro code   0x800'0130  0x10c6  xprintffull.o [2]
  .text              ro code   0x800'11f6    0x3a  zero_init3.o [4]
  .text              ro code   0x800'1230    0x7c  xlocale_c.o [2]
  .text              ro code   0x800'12ac    0x16  strchr.o [4]
  .text              ro code   0x800'12c2    0x1e  xencoding_8859_1.o [2]
  .text              ro code   0x800'12e0    0x40  xfail_s.o [2]
  .text              ro code   0x800'1320    0x36  strlen.o [4]
  .rodata            const     0x800'1356     0x2  xlocale_c.o [2]
  .text              ro code   0x800'1358    0x58  memchr.o [4]
  .text              ro code   0x800'13b0    0xa6  ABImemcpy.o [4]
  .rodata            const     0x800'1456     0x2  xlocale_c.o [2]
  .text              ro code   0x800'1458    0x70  frexp.o [3]
  .text              ro code   0x800'14c8    0x2e  DblCmpLe.o [3]
  .rodata            const     0x800'14f6     0x1  xlocale_c.o [2]
  .text              ro code   0x800'14f8    0x2e  DblCmpGe.o [3]
  .text              ro code   0x800'1528   0x13a  ldexp.o [3]
  .text              ro code   0x800'1664    0x3a  DblToS32.o [3]
  .text              ro code   0x800'16a0    0x22  S32ToDbl.o [3]
  .text              ro code   0x800'16c4    0xe2  DblSub.o [3]
  .text              ro code   0x800'17a8   0x246  DblDiv.o [3]
  .text              ro code   0x800'19f0    0x28  DblToU32.o [3]
  .text              ro code   0x800'1a18    0x1a  U32ToDbl.o [3]
  .text              ro code   0x800'1a34   0x1a2  DblMul.o [3]
  .text              ro code   0x800'1bd6     0xa  xmbcurmax.o [2]
  .text              ro code   0x800'1be0   0x230  I64DivMod.o [4]
  .text              ro code   0x800'1e10     0x6  abort.o [2]
  .text              ro code   0x800'1e18   0x16a  DblAdd.o [3]
  .text              ro code   0x800'1f84     0x2  I64DivZer.o [4]
  .text              ro code   0x800'1f88    0x14  exit.o [5]
  .text              ro code   0x800'1f9c   0xfec  tasks.o [1]
  .text              ro code   0x800'2f88   0x264  heap_4.o [1]
  .text              ro code   0x800'31ec    0x66  ABImemset.o [4]
  .text              ro code   0x800'3252    0x9a  list.o [1]
  .text              ro code   0x800'32ec   0x204  port.o [1]
  .text              ro code   0x800'34f0   0x378  timers.o [1]
  CODE               ro code   0x800'3868    0x88  portasm.o [1]
  .text              ro code   0x800'38f0   0x5a0  queue.o [1]
  .text              ro code   0x800'3e90   0x524  AnyID_SM5003_Device.o [1]
  .text              ro code   0x800'43b4   0x1e8  stm32f10x_gpio.o [1]
  .text              ro code   0x800'459c    0xbc  stm32f10x_exti.o [1]
  .text              ro code   0x800'4658    0x98  misc.o [1]
  .text              ro code   0x800'46f0   0x2a8  AnyID_SM5003_R485_HL.o [1]
  .text              ro code   0x800'4998    0x28  printf.o [2]
  .text              ro code   0x800'49c0   0x222  stm32f10x_usart.o [1]
  .text              ro code   0x800'4be4   0x17c  stm32f10x_dma.o [1]
  .text              ro code   0x800'4d60   0x338  stm32f10x_rcc.o [1]
  .text              ro code   0x800'5098   0x130  stm32f10x_it.o [1]
  .text              ro code   0x800'51c8   0x110  system_stm32f10x.o [1]
  .text              ro code   0x800'52d8   0x10c  AnyID_SM5003_SysCfg.o [1]
  .text              ro code   0x800'53e4    0x2c  stm32f10x_flash.o [1]
  .text              ro code   0x800'5410    0x58  AnyID_SM5003_R485.o [1]
  .text              ro code   0x800'5468    0x78  lz77_init_single.o [4]
  .rodata            const     0x800'54e0    0x30  AnyID_SM5003_Device.o [1]
  .text              ro code   0x800'5510    0x2c  main.o [1]
  .text              ro code   0x800'553c    0x28  data_init.o [4]
  .rodata            const     0x800'5564    0x24  AnyID_SM5003_Device.o [1]
  .rodata            const     0x800'5588    0x24  AnyID_SM5003_Device.o [1]
  .rodata            const     0x800'55ac    0x24  AnyID_SM5003_Device.o [1]
  .rodata            const     0x800'55d0    0x24  AnyID_SM5003_Device.o [1]
  .rodata            const     0x800'55f4    0x24  AnyID_SM5003_Device.o [1]
  .rodata            const     0x800'5618    0x24  AnyID_SM5003_Device.o [1]
  .rodata            const     0x800'563c    0x24  AnyID_SM5003_Device.o [1]
  .rodata            const     0x800'5660    0x24  AnyID_SM5003_Device.o [1]
  .iar.init_table    const     0x800'5684    0x20  - Linker created -
  .rodata            const     0x800'56a4    0x20  AnyID_SM5003_Device.o [1]
  .rodata            const     0x800'56c4    0x20  AnyID_SM5003_Device.o [1]
  .rodata            const     0x800'56e4    0x20  AnyID_SM5003_Device.o [1]
  .rodata            const     0x800'5704    0x20  AnyID_SM5003_Device.o [1]
  .rodata            const     0x800'5724    0x20  AnyID_SM5003_Device.o [1]
  .rodata            const     0x800'5744    0x20  AnyID_SM5003_Device.o [1]
  .rodata            const     0x800'5764    0x20  AnyID_SM5003_Device.o [1]
  .rodata            const     0x800'5784    0x20  AnyID_SM5003_Device.o [1]
  .rodata            const     0x800'57a4    0x20  AnyID_SM5003_Device.o [1]
  .text              ro code   0x800'57c4    0x1e  cmain.o [4]
  .text              ro code   0x800'57e2     0x4  low_level_init.o [2]
  .text              ro code   0x800'57e6     0x4  exit.o [2]
  .text              ro code   0x800'57ec     0xa  cexit.o [4]
  .rodata            const     0x800'57f8    0x1c  AnyID_SM5003_Device.o [1]
  .rodata            const     0x800'5814    0x1c  AnyID_SM5003_Device.o [1]
  .rodata            const     0x800'5830    0x18  AnyID_SM5003_Device.o [1]
  .rodata            const     0x800'5848    0x18  AnyID_SM5003_Device.o [1]
  .rodata            const     0x800'5860    0x18  AnyID_SM5003_Device.o [1]
  .rodata            const     0x800'5878    0x18  AnyID_SM5003_Device.o [1]
  .rodata            const     0x800'5890    0x18  AnyID_SM5003_Device.o [1]
  .rodata            const     0x800'58a8    0x18  AnyID_SM5003_Device.o [1]
  .rodata            const     0x800'58c0    0x18  AnyID_SM5003_Device.o [1]
  .rodata            const     0x800'58d8    0x18  AnyID_SM5003_Device.o [1]
  .rodata            const     0x800'58f0    0x18  AnyID_SM5003_Device.o [1]
  .rodata            const     0x800'5908    0x18  stm32f10x_it.o [1]
  .text              ro code   0x800'5920    0x16  xprout.o [2]
  .text              ro code   0x800'5938     0xc  putchar.o [2]
  .rodata            const     0x800'5944    0x14  AnyID_SM5003_Device.o [1]
  .rodata            const     0x800'5958    0x14  AnyID_SM5003_Device.o [1]
  .rodata            const     0x800'596c    0x14  AnyID_SM5003_Device.o [1]
  .rodata            const     0x800'5980    0x14  AnyID_SM5003_Device.o [1]
  .rodata            const     0x800'5994    0x14  AnyID_SM5003_Device.o [1]
  .rodata            const     0x800'59a8    0x14  AnyID_SM5003_Device.o [1]
  .rodata            const     0x800'59bc    0x14  AnyID_SM5003_Device.o [1]
  .rodata            const     0x800'59d0    0x14  AnyID_SM5003_Device.o [1]
  .rodata            const     0x800'59e4    0x14  AnyID_SM5003_Device.o [1]
  .rodata            const     0x800'59f8    0x14  main.o [1]
  .rodata            const     0x800'5a0c    0x10  AnyID_SM5003_Device.o [1]
  .rodata            const     0x800'5a1c    0x10  AnyID_SM5003_Device.o [1]
  .rodata            const     0x800'5a2c    0x10  AnyID_SM5003_Device.o [1]
  .rodata            const     0x800'5a3c    0x10  AnyID_SM5003_Device.o [1]
  .rodata            const     0x800'5a4c    0x10  AnyID_SM5003_Device.o [1]
  .rodata            const     0x800'5a5c    0x10  AnyID_SM5003_Device.o [1]
  .text              ro code   0x800'5a6c    0x10  startup_stm32f10x_hd.o [1]
  .text              ro code   0x800'5a7c     0xc  cstartup_M.o [4]
  .rodata            const     0x800'5a88     0x8  AnyID_SM5003_Device.o [1]
  .rodata            const     0x800'5a90     0x8  AnyID_SM5003_Device.o [1]
  .rodata            const     0x800'5a98     0x8  AnyID_SM5003_Device.o [1]
  .rodata            const     0x800'5aa0     0x8  AnyID_SM5003_R485_HL.o [1]
  .rodata            const     0x800'5aa8     0x8  AnyID_SM5003_R485_HL.o [1]
  .rodata            const     0x800'5ab0     0x8  AnyID_SM5003_R485_HL.o [1]
  .rodata            const     0x800'5ab8     0x8  tasks.o [1]
  .rodata            const     0x800'5ac0     0x8  timers.o [1]
  .rodata            const     0x800'5ac8     0x8  timers.o [1]
  .rodata            const     0x800'5ad0     0x4  heap_4.o [1]
  .rodata            const     0x800'5ad4     0x4  port.o [1]
  .text              ro code   0x800'5ad8     0x4  startup_stm32f10x_hd.o [1]
  .text              ro code   0x800'5adc     0x4  startup_stm32f10x_hd.o [1]
  .text              ro code   0x800'5ae0     0x4  startup_stm32f10x_hd.o [1]
  .text              ro code   0x800'5ae4     0x4  startup_stm32f10x_hd.o [1]
  .text              ro code   0x800'5ae8     0x4  startup_stm32f10x_hd.o [1]
  .text              ro code   0x800'5aec     0x4  startup_stm32f10x_hd.o [1]
  .text              ro code   0x800'5af0     0x4  startup_stm32f10x_hd.o [1]
  .text              ro code   0x800'5af4     0x4  startup_stm32f10x_hd.o [1]
  .text              ro code   0x800'5af8     0x4  startup_stm32f10x_hd.o [1]
  .text              ro code   0x800'5afc     0x4  startup_stm32f10x_hd.o [1]
  .text              ro code   0x800'5b00     0x4  startup_stm32f10x_hd.o [1]
  .text              ro code   0x800'5b04     0x4  startup_stm32f10x_hd.o [1]
  .text              ro code   0x800'5b08     0x4  startup_stm32f10x_hd.o [1]
  .text              ro code   0x800'5b0c     0x4  startup_stm32f10x_hd.o [1]
  .text              ro code   0x800'5b10     0x4  startup_stm32f10x_hd.o [1]
  .text              ro code   0x800'5b14     0x4  startup_stm32f10x_hd.o [1]
  .text              ro code   0x800'5b18     0x4  startup_stm32f10x_hd.o [1]
  .text              ro code   0x800'5b1c     0x4  startup_stm32f10x_hd.o [1]
  .text              ro code   0x800'5b20     0x4  startup_stm32f10x_hd.o [1]
  .text              ro code   0x800'5b24     0x4  startup_stm32f10x_hd.o [1]
  .text              ro code   0x800'5b28     0x4  startup_stm32f10x_hd.o [1]
  .text              ro code   0x800'5b2c     0x4  startup_stm32f10x_hd.o [1]
  .text              ro code   0x800'5b30     0x4  startup_stm32f10x_hd.o [1]
  .text              ro code   0x800'5b34     0x4  startup_stm32f10x_hd.o [1]
  .text              ro code   0x800'5b38     0x4  startup_stm32f10x_hd.o [1]
  .text              ro code   0x800'5b3c     0x4  startup_stm32f10x_hd.o [1]
  .text              ro code   0x800'5b40     0x4  startup_stm32f10x_hd.o [1]
  .text              ro code   0x800'5b44     0x4  startup_stm32f10x_hd.o [1]
  .text              ro code   0x800'5b48     0x4  startup_stm32f10x_hd.o [1]
  .text              ro code   0x800'5b4c     0x4  startup_stm32f10x_hd.o [1]
  .text              ro code   0x800'5b50     0x4  startup_stm32f10x_hd.o [1]
  .text              ro code   0x800'5b54     0x4  startup_stm32f10x_hd.o [1]
  .text              ro code   0x800'5b58     0x4  startup_stm32f10x_hd.o [1]
  .text              ro code   0x800'5b5c     0x4  startup_stm32f10x_hd.o [1]
  .text              ro code   0x800'5b60     0x4  startup_stm32f10x_hd.o [1]
  .text              ro code   0x800'5b64     0x4  startup_stm32f10x_hd.o [1]
  .text              ro code   0x800'5b68     0x4  startup_stm32f10x_hd.o [1]
  .text              ro code   0x800'5b6c     0x4  startup_stm32f10x_hd.o [1]
  .text              ro code   0x800'5b70     0x4  startup_stm32f10x_hd.o [1]
  .text              ro code   0x800'5b74     0x4  startup_stm32f10x_hd.o [1]
  .text              ro code   0x800'5b78     0x4  startup_stm32f10x_hd.o [1]
  .text              ro code   0x800'5b7c     0x4  startup_stm32f10x_hd.o [1]
  .text              ro code   0x800'5b80     0x4  startup_stm32f10x_hd.o [1]
  .text              ro code   0x800'5b84     0x4  startup_stm32f10x_hd.o [1]
  .text              ro code   0x800'5b88     0x4  startup_stm32f10x_hd.o [1]
  .text              ro code   0x800'5b8c     0x4  startup_stm32f10x_hd.o [1]
  .text              ro code   0x800'5b90     0x4  startup_stm32f10x_hd.o [1]
  .text              ro code   0x800'5b94     0x4  startup_stm32f10x_hd.o [1]
  .text              ro code   0x800'5b98     0x4  startup_stm32f10x_hd.o [1]
  .text              ro code   0x800'5b9c     0x4  startup_stm32f10x_hd.o [1]
  .text              ro code   0x800'5ba0     0x4  startup_stm32f10x_hd.o [1]
  .text              ro code   0x800'5ba4     0x4  startup_stm32f10x_hd.o [1]
  .text              ro code   0x800'5ba8     0x4  startup_stm32f10x_hd.o [1]
  .text              ro code   0x800'5bac     0x4  startup_stm32f10x_hd.o [1]
  .text              ro code   0x800'5bb0     0x4  startup_stm32f10x_hd.o [1]
  .text              ro code   0x800'5bb4     0x4  startup_stm32f10x_hd.o [1]
  .rodata            const     0x800'5bb8     0x0  zero_init3.o [4]
  .rodata            const     0x800'5bb8     0x0  lz77_init_single.o [4]
  Initializer bytes  const     0x800'5bb8    0x62  <for P2-1>
                             - 0x800'5c1a  0x5aea

"P2", part 1 of 3:                           0xe8
  P2-1                        0x2000'0000    0xe8  <Init block>
    .data            inited   0x2000'0000     0x4  port.o [1]
    .data            inited   0x2000'0004    0x10  stm32f10x_rcc.o [1]
    .data            inited   0x2000'0014     0x4  stm32f10x_rcc.o [1]
    .data            inited   0x2000'0018     0x4  system_stm32f10x.o [1]
    .data            inited   0x2000'001c     0x4  tasks.o [1]
    .data            inited   0x2000'0020    0x38  xlocale_c.o [2]
    .data            inited   0x2000'0058    0x48  xlocale_c.o [2]
    .data            inited   0x2000'00a0    0x48  xfiles.o [2]
                            - 0x2000'00e8    0xe8

"P2", part 2 of 3:                         0x30c0
  .bss               zero     0x2000'00e8  0x2800  heap_4.o [1]
  .bss               zero     0x2000'28e8   0x26c  tasks.o [1]
  .bss               zero     0x2000'2b54   0x228  AnyID_SM5003_R485.o [1]
  .bss               zero     0x2000'2d7c   0x224  AnyID_SM5003_R485.o [1]
  .bss               zero     0x2000'2fa0    0x50  xfiles.o [2]
  .bss               zero     0x2000'2ff0    0x40  queue.o [1]
  .bss               zero     0x2000'3030    0x14  AnyID_SM5003_Device.o [1]
  .bss               zero     0x2000'3044    0x14  AnyID_SM5003_Device.o [1]
  .bss               zero     0x2000'3058    0x14  AnyID_SM5003_Device.o [1]
  .bss               zero     0x2000'306c    0x14  AnyID_SM5003_Device.o [1]
  .bss               zero     0x2000'3080    0x14  AnyID_SM5003_Device.o [1]
  .bss               zero     0x2000'3094    0x14  tasks.o [1]
  .bss               zero     0x2000'30a8    0x14  tasks.o [1]
  .bss               zero     0x2000'30bc    0x14  tasks.o [1]
  .bss               zero     0x2000'30d0    0x14  tasks.o [1]
  .bss               zero     0x2000'30e4    0x14  tasks.o [1]
  .bss               zero     0x2000'30f8    0x14  timers.o [1]
  .bss               zero     0x2000'310c    0x14  timers.o [1]
  .bss               zero     0x2000'3120     0x8  heap_4.o [1]
  .bss               zero     0x2000'3128     0x4  AnyID_SM5003_Device.o [1]
  .bss               zero     0x2000'312c     0x4  AnyID_SM5003_Device.o [1]
  .bss               zero     0x2000'3130     0x4  AnyID_SM5003_Device.o [1]
  .bss               zero     0x2000'3134     0x4  heap_4.o [1]
  .bss               zero     0x2000'3138     0x4  heap_4.o [1]
  .bss               zero     0x2000'313c     0x4  heap_4.o [1]
  .bss               zero     0x2000'3140     0x4  heap_4.o [1]
  .bss               zero     0x2000'3144     0x4  heap_4.o [1]
  .bss               zero     0x2000'3148     0x4  port.o [1]
  .bss               zero     0x2000'314c     0x4  tasks.o [1]
  .bss               zero     0x2000'3150     0x4  tasks.o [1]
  .bss               zero     0x2000'3154     0x4  tasks.o [1]
  .bss               zero     0x2000'3158     0x4  tasks.o [1]
  .bss               zero     0x2000'315c     0x4  tasks.o [1]
  .bss               zero     0x2000'3160     0x4  tasks.o [1]
  .bss               zero     0x2000'3164     0x4  tasks.o [1]
  .bss               zero     0x2000'3168     0x4  tasks.o [1]
  .bss               zero     0x2000'316c     0x4  tasks.o [1]
  .bss               zero     0x2000'3170     0x4  tasks.o [1]
  .bss               zero     0x2000'3174     0x4  tasks.o [1]
  .bss               zero     0x2000'3178     0x4  tasks.o [1]
  .bss               zero     0x2000'317c     0x4  tasks.o [1]
  .bss               zero     0x2000'3180     0x4  tasks.o [1]
  .bss               zero     0x2000'3184     0x4  tasks.o [1]
  .bss               zero     0x2000'3188     0x4  timers.o [1]
  .bss               zero     0x2000'318c     0x4  timers.o [1]
  .bss               zero     0x2000'3190     0x4  timers.o [1]
  .bss               zero     0x2000'3194     0x4  timers.o [1]
  .bss               zero     0x2000'3198     0x4  timers.o [1]
  .bss               zero     0x2000'319c     0x4  xfail_s.o [2]
  .bss               zero     0x2000'31a0     0x2  stm32f10x_it.o [1]
  .bss               zero     0x2000'31a2     0x2  stm32f10x_it.o [1]
  .bss               zero     0x2000'31a4     0x2  stm32f10x_it.o [1]
  .bss               zero     0x2000'31a6     0x1  AnyID_SM5003_Device.o [1]
  .bss               zero     0x2000'31a7     0x1  port.o [1]
                            - 0x2000'31a8  0x30c0

"P2", part 3 of 3:                          0xa00
  CSTACK                      0x2000'31a8   0xa00  <Block>
    CSTACK           uninit   0x2000'31a8   0xa00  <Block tail>
                            - 0x2000'3ba8   0xa00

Unused ranges:

         From           To    Size
         ----           --    ----
   0x800'5c1a   0x800'ffff  0xa3e6
  0x2000'3ba8  0x2000'4fff  0x1458


*******************************************************************************
*** INIT TABLE
***

          Address      Size
          -------      ----
Zero (__iar_zero_init3)
    1 destination range, total size 0x30c0:
          0x2000'00e8  0x30c0

Copy/lz77 (__iar_lz77_init_single3)
    1 source range, total size 0x62 (42% of destination):
           0x800'5bb8    0x62
    1 destination range, total size 0xe8:
          0x2000'0000    0xe8



*******************************************************************************
*** MODULE SUMMARY
***

    Module                  ro code  ro data  rw data
    ------                  -------  -------  -------
command line/config:
    -------------------------------------------------
    Total:

E:\AnyId\Git\SoftWare\OSIO\OSIO\Build\Obj: [1]
    AnyID_SM5003_Device.o     1'316    1'196      113
    AnyID_SM5003_R485.o          88             1'100
    AnyID_SM5003_R485_HL.o      680       24
    AnyID_SM5003_SysCfg.o       268
    heap_4.o                    612        4   10'268
    list.o                      154
    main.o                       44       20
    misc.o                      152
    port.o                      516        5        9
    portasm.o                   136
    queue.o                   1'440                64
    startup_stm32f10x_hd.o      544
    stm32f10x_dma.o             380
    stm32f10x_exti.o            188
    stm32f10x_flash.o            44
    stm32f10x_gpio.o            488
    stm32f10x_it.o              304       24        6
    stm32f10x_rcc.o             824        9       20
    stm32f10x_usart.o           546
    system_stm32f10x.o          272        1        4
    tasks.o                   4'076       10      784
    timers.o                    888       16       60
    -------------------------------------------------
    Total:                   13'960    1'309   12'428

dl7M_tlf.a: [2]
    abort.o                       6
    exit.o                        4
    low_level_init.o              4
    printf.o                     40
    putchar.o                    12
    xencoding_8859_1.o           30
    xfail_s.o                    64                 4
    xfiles.o                              31      152
    xlocale_c.o                 124       59      128
    xmbcurmax.o                  10
    xprintffull.o             4'294
    xprout.o                     22
    -------------------------------------------------
    Total:                    4'610       90      284

m7M_tl.a: [3]
    DblAdd.o                    362
    DblCmpGe.o                   46
    DblCmpLe.o                   46
    DblDiv.o                    582
    DblMul.o                    418
    DblSub.o                    226
    DblToS32.o                   58
    DblToU32.o                   40
    S32ToDbl.o                   34
    U32ToDbl.o                   26
    frexp.o                     112
    ldexp.o                     314
    -------------------------------------------------
    Total:                    2'264

rt7M_tl.a: [4]
    ABImemcpy.o                 166
    ABImemset.o                 102
    I64DivMod.o                 560
    I64DivZer.o                   2
    cexit.o                      10
    cmain.o                      30
    cstartup_M.o                 12
    data_init.o                  40
    lz77_init_single.o          120
    memchr.o                     88
    strchr.o                     22
    strlen.o                     54
    zero_init3.o                 58
    -------------------------------------------------
    Total:                    1'264

shb_l.a: [5]
    exit.o                       20
    -------------------------------------------------
    Total:                       20

    Gaps                         27        2
    Linker created                        32    2'560
-----------------------------------------------------
    Grand Total:             22'145    1'433   15'272


*******************************************************************************
*** ENTRY LIST
***

Entry                       Address    Size  Type      Object
-----                       -------    ----  ----      ------
.iar.init_table$$Base    0x800'5684           --   Gb  - Linker created -
.iar.init_table$$Limit   0x800'56a4           --   Gb  - Linker created -
?main                    0x800'57c5          Code  Gb  cmain.o [4]
ADCPrescTable           0x2000'0014     0x4  Data  Lc  stm32f10x_rcc.o [1]
APBAHBPrescTable        0x2000'0004    0x10  Data  Lc  stm32f10x_rcc.o [1]
BusFault_Handler         0x800'509f     0x2  Code  Gb  stm32f10x_it.o [1]
CSTACK$$Base            0x2000'31a8           --   Gb  - Linker created -
CSTACK$$Limit           0x2000'3ba8           --   Gb  - Linker created -
CacheMore                0x800'1235    0x28  Code  Lc  xlocale_c.o [2]
DEVICE_ALARMLED_COM      0x800'5a90     0x8  Data  Gb  AnyID_SM5003_Device.o [1]
DEVICE_KEY_COM           0x800'5a98     0x8  Data  Gb  AnyID_SM5003_Device.o [1]
DEVICE_RUNLED_COM        0x800'5a88     0x8  Data  Gb  AnyID_SM5003_Device.o [1]
DMA1_Channel4_IRQHandler
                         0x800'5129    0x28  Code  Gb  stm32f10x_it.o [1]
DMA1_Channel5_IRQHandler
                         0x800'5105    0x24  Code  Gb  stm32f10x_it.o [1]
DMA_DeInit               0x800'4be5    0xf0  Code  Gb  stm32f10x_dma.o [1]
DMA_ITConfig             0x800'4d11    0x18  Code  Gb  stm32f10x_dma.o [1]
DMA_Init                 0x800'4cd5    0x3c  Code  Gb  stm32f10x_dma.o [1]
DebugMon_Handler         0x800'50a3     0x2  Code  Gb  stm32f10x_it.o [1]
Device_CtrlIOInit        0x800'3e91    0xca  Code  Gb  AnyID_SM5003_Device.o [1]
Device_ListTest          0x800'4083   0x11e  Code  Gb  AnyID_SM5003_Device.o [1]
Device_Peintf            0x800'3f6d    0x14  Code  Gb  AnyID_SM5003_Device.o [1]
Device_PrintfDemoInfo    0x800'3f81   0x102  Code  Gb  AnyID_SM5003_Device.o [1]
Device_Task1             0x800'41f9    0x44  Code  Gb  AnyID_SM5003_Device.o [1]
Device_Task1Handle      0x2000'3128     0x4  Data  Gb  AnyID_SM5003_Device.o [1]
Device_Task2             0x800'423d    0x3a  Code  Gb  AnyID_SM5003_Device.o [1]
Device_Task2Handle      0x2000'312c     0x4  Data  Gb  AnyID_SM5003_Device.o [1]
Device_Task3             0x800'4279    0x58  Code  Gb  AnyID_SM5003_Device.o [1]
Device_Task3Handle      0x2000'3130     0x4  Data  Gb  AnyID_SM5003_Device.o [1]
Device_TaskCreat         0x800'41a9    0x50  Code  Gb  AnyID_SM5003_Device.o [1]
EXTI9_5_IRQHandler       0x800'50a5    0x60  Code  Gb  stm32f10x_it.o [1]
EXTI_ClearITPendingBit   0x800'463d     0x6  Code  Gb  stm32f10x_exti.o [1]
EXTI_GetITStatus         0x800'4617    0x26  Code  Gb  stm32f10x_exti.o [1]
EXTI_Init                0x800'459d    0x7a  Code  Gb  stm32f10x_exti.o [1]
FLASH_PrefetchBufferCmd
                         0x800'53f7    0x14  Code  Gb  stm32f10x_flash.o [1]
FLASH_SetLatency         0x800'53e5    0x12  Code  Gb  stm32f10x_flash.o [1]
GPIO_EXTILineConfig      0x800'453f    0x52  Code  Gb  stm32f10x_gpio.o [1]
GPIO_Init                0x800'43b5    0xea  Code  Gb  stm32f10x_gpio.o [1]
GPIO_PinRemapConfig      0x800'44bb    0x84  Code  Gb  stm32f10x_gpio.o [1]
GPIO_ReadInputDataBit    0x800'449f    0x1c  Code  Gb  stm32f10x_gpio.o [1]
HardFault_Handler        0x800'509b     0x2  Code  Gb  stm32f10x_it.o [1]
MemManage_Handler        0x800'509d     0x2  Code  Gb  stm32f10x_it.o [1]
NMI_Handler              0x800'5099     0x2  Code  Gb  stm32f10x_it.o [1]
NVIC_Init                0x800'4663    0x66  Code  Gb  misc.o [1]
NVIC_PriorityGroupConfig
                         0x800'4659     0xa  Code  Gb  misc.o [1]
NVIC_SetVectorTable      0x800'46c9     0xc  Code  Gb  misc.o [1]
PendSV_Handler           0x800'3869          Code  Gb  portasm.o [1]
R485_ConfigInt           0x800'47bf    0x2e  Code  Gb  AnyID_SM5003_R485_HL.o [1]
R485_Delayms             0x800'492b    0x12  Code  Gb  AnyID_SM5003_R485_HL.o [1]
R485_DisableTxDma        0x800'48f5    0x24  Code  Gb  AnyID_SM5003_R485_HL.o [1]
R485_Init                0x800'5411    0x3e  Code  Gb  AnyID_SM5003_R485.o [1]
R485_InitInterface       0x800'46f1    0xce  Code  Gb  AnyID_SM5003_R485_HL.o [1]
R485_InitRxDma           0x800'485f    0x96  Code  Gb  AnyID_SM5003_R485_HL.o [1]
R485_InitTxDma           0x800'47ed    0x72  Code  Gb  AnyID_SM5003_R485_HL.o [1]
R485_PORT_CTRL           0x800'5ab0     0x8  Data  Gb  AnyID_SM5003_R485_HL.o [1]
R485_PORT_RX             0x800'5aa8     0x8  Data  Gb  AnyID_SM5003_R485_HL.o [1]
R485_PORT_TX             0x800'5aa0     0x8  Data  Gb  AnyID_SM5003_R485_HL.o [1]
R485_WriteBuffer         0x800'493d    0x3c  Code  Gb  AnyID_SM5003_R485_HL.o [1]
R485_WriteByte           0x800'4919    0x12  Code  Gb  AnyID_SM5003_R485_HL.o [1]
RCC_ADCCLKConfig         0x800'4e8d    0x10  Code  Gb  stm32f10x_rcc.o [1]
RCC_AHBPeriphClockCmd    0x800'4f75    0x1c  Code  Gb  stm32f10x_rcc.o [1]
RCC_APB1PeriphClockCmd   0x800'4fad    0x1c  Code  Gb  stm32f10x_rcc.o [1]
RCC_APB1PeriphResetCmd   0x800'4fe5    0x1c  Code  Gb  stm32f10x_rcc.o [1]
RCC_APB2PeriphClockCmd   0x800'4f91    0x1c  Code  Gb  stm32f10x_rcc.o [1]
RCC_APB2PeriphResetCmd   0x800'4fc9    0x1c  Code  Gb  stm32f10x_rcc.o [1]
RCC_DeInit               0x800'4d61    0x40  Code  Gb  stm32f10x_rcc.o [1]
RCC_GetClocksFreq        0x800'4e9d    0xd8  Code  Gb  stm32f10x_rcc.o [1]
RCC_GetFlagStatus        0x800'5001    0x46  Code  Gb  stm32f10x_rcc.o [1]
RCC_GetSYSCLKSource      0x800'4e4b     0xa  Code  Gb  stm32f10x_rcc.o [1]
RCC_HCLKConfig           0x800'4e55    0x10  Code  Gb  stm32f10x_rcc.o [1]
RCC_HSEConfig            0x800'4da1    0x3a  Code  Gb  stm32f10x_rcc.o [1]
RCC_PCLK1Config          0x800'4e65    0x10  Code  Gb  stm32f10x_rcc.o [1]
RCC_PCLK2Config          0x800'4e75    0x12  Code  Gb  stm32f10x_rcc.o [1]
RCC_PLLCmd               0x800'4e31     0xa  Code  Gb  stm32f10x_rcc.o [1]
RCC_PLLConfig            0x800'4e19    0x18  Code  Gb  stm32f10x_rcc.o [1]
RCC_SYSCLKConfig         0x800'4e3b    0x10  Code  Gb  stm32f10x_rcc.o [1]
RCC_USBCLKConfig         0x800'4e87     0x6  Code  Gb  stm32f10x_rcc.o [1]
RCC_WaitForHSEStartUp    0x800'4ddb    0x3e  Code  Gb  stm32f10x_rcc.o [1]
Region$$Table$$Base      0x800'5684           --   Gb  - Linker created -
Region$$Table$$Limit     0x800'56a4           --   Gb  - Linker created -
SVC_Handler              0x800'38af          Code  Gb  portasm.o [1]
SetSysClock              0x800'5205     0x8  Code  Lc  system_stm32f10x.o [1]
SetSysClockTo72          0x800'520d    0xb0  Code  Lc  system_stm32f10x.o [1]
SysTick_Handler          0x800'3425    0x28  Code  Gb  port.o [1]
Sys_CfgClock             0x800'52eb    0x78  Code  Gb  AnyID_SM5003_SysCfg.o [1]
Sys_CfgNVIC              0x800'5389    0x16  Code  Gb  AnyID_SM5003_SysCfg.o [1]
Sys_CfgPeriphClk         0x800'5363    0x26  Code  Gb  AnyID_SM5003_SysCfg.o [1]
Sys_Delayms              0x800'52d9    0x12  Code  Gb  AnyID_SM5003_SysCfg.o [1]
Sys_Init                 0x800'539f    0x46  Code  Gb  AnyID_SM5003_SysCfg.o [1]
SystemCoreClock         0x2000'0018     0x4  Data  Gb  system_stm32f10x.o [1]
SystemInit               0x800'51c9    0x3c  Code  Gb  system_stm32f10x.o [1]
USART1_IRQHandler        0x800'5151    0x3a  Code  Gb  stm32f10x_it.o [1]
USART_Cmd                0x800'4b3d    0x1e  Code  Gb  stm32f10x_usart.o [1]
USART_DMACmd             0x800'4bcb    0x18  Code  Gb  stm32f10x_usart.o [1]
USART_DeInit             0x800'49c1    0x90  Code  Gb  stm32f10x_usart.o [1]
USART_ITConfig           0x800'4b5b    0x70  Code  Gb  stm32f10x_usart.o [1]
USART_Init               0x800'4a51    0xd6  Code  Gb  stm32f10x_usart.o [1]
UsageFault_Handler       0x800'50a1     0x2  Code  Gb  stm32f10x_it.o [1]
_Encoding_8859_1_Mbrlen
                         0x800'12d5     0x2  Code  Gb  xencoding_8859_1.o [2]
_Encoding_8859_1_Wctomb
                         0x800'12c3    0x12  Code  Gb  xencoding_8859_1.o [2]
_LitobFull               0x800'1043   0x10a  Code  Lc  xprintffull.o [2]
_Locale_lconv           0x2000'0020    0x38  Data  Lc  xlocale_c.o [2]
_PrintfFull              0x800'0131   0xcc4  Code  Gb  xprintffull.o [2]
_Prout                   0x800'5921    0x16  Code  Gb  xprout.o [2]
_PutcharsFull            0x800'11b5    0x2e  Code  Lc  xprintffull.o [2]
_PutstrFull              0x800'0f83    0xc0  Code  Lc  xprintffull.o [2]
_PuttxtFull              0x800'0e77   0x10c  Code  Lc  xprintffull.o [2]
__ICFEDIT_region_RAM_end__ {Abs}
                        0x2000'4fff          Data  Gb  <internal module>
__ICFEDIT_region_RAM_start__ {Abs}
                        0x2000'0000          Data  Gb  <internal module>
__aeabi_cdcmple          0x800'14c9          Code  Gb  DblCmpLe.o [3]
__aeabi_cdrcmple         0x800'14f9          Code  Gb  DblCmpGe.o [3]
__aeabi_d2iz             0x800'1665          Code  Gb  DblToS32.o [3]
__aeabi_d2uiz            0x800'19f1          Code  Gb  DblToU32.o [3]
__aeabi_ddiv             0x800'17a9          Code  Gb  DblDiv.o [3]
__aeabi_dmul             0x800'1a35          Code  Gb  DblMul.o [3]
__aeabi_dsub             0x800'16c5          Code  Gb  DblSub.o [3]
__aeabi_i2d              0x800'16a1          Code  Gb  S32ToDbl.o [3]
__aeabi_ldiv0            0x800'1f85          Code  Gb  I64DivZer.o [4]
__aeabi_memcpy           0x800'13b1          Code  Gb  ABImemcpy.o [4]
__aeabi_memcpy4          0x800'13d1          Code  Gb  ABImemcpy.o [4]
__aeabi_memcpy8          0x800'13d1          Code  Gb  ABImemcpy.o [4]
__aeabi_memset           0x800'31ed          Code  Gb  ABImemset.o [4]
__aeabi_ui2d             0x800'1a19          Code  Gb  U32ToDbl.o [3]
__aeabi_uldivmod         0x800'1be1          Code  Gb  I64DivMod.o [4]
__cmain                  0x800'57c5          Code  Gb  cmain.o [4]
__exit                   0x800'1f89    0x14  Code  Gb  exit.o [5]
__iar_Fail_s             0x800'12e1    0x1c  Code  Gb  xfail_s.o [2]
__iar_Mbcurmax           0x800'1bd7     0xa  Code  Gb  xmbcurmax.o [2]
__iar_Memchr             0x800'1359          Code  Gb  memchr.o [4]
__iar_Memset             0x800'31ed          Code  Gb  ABImemset.o [4]
__iar_Memset_word        0x800'31f5          Code  Gb  ABImemset.o [4]
__iar_Stdout            0x2000'00a0    0x48  Data  Gb  xfiles.o [2]
__iar_Strchr             0x800'12ad          Code  Gb  strchr.o [4]
__iar_dadd               0x800'16d5          Code  Gb  DblSub.o [3]
__iar_data_init3         0x800'553d    0x28  Code  Gb  data_init.o [4]
__iar_dsub               0x800'1e19          Code  Gb  DblAdd.o [3]
__iar_dsubStart          0x800'1e2b          Code  Gb  DblAdd.o [3]
__iar_frexp              0x800'1465          Code  Gb  frexp.o [3]
__iar_frexp64            0x800'1459          Code  Gb  frexp.o [3]
__iar_frexpl             0x800'1465          Code  Gb  frexp.o [3]
__iar_globLocale        0x2000'0058    0x48  Data  Lc  xlocale_c.o [2]
__iar_global_Locale      0x800'1231     0x4  Code  Gb  xlocale_c.o [2]
__iar_ldexp64            0x800'1529          Code  Gb  ldexp.o [3]
__iar_lz77_init_single3
                         0x800'5469    0x78  Code  Gb  lz77_init_single.o [4]
__iar_program_start      0x800'5a7d          Code  Gb  cstartup_M.o [4]
__iar_scalbln64          0x800'1529          Code  Gb  ldexp.o [3]
__iar_scalbn64           0x800'1529          Code  Gb  ldexp.o [3]
__iar_zero_init3         0x800'11f7    0x3a  Code  Gb  zero_init3.o [4]
__low_level_init         0x800'57e3     0x4  Code  Gb  low_level_init.o [2]
__vector_table           0x800'0000          Data  Gb  startup_stm32f10x_hd.o [1]
_call_main               0x800'57d1          Code  Gb  cmain.o [4]
_exit                    0x800'57ed          Code  Gb  cexit.o [4]
_gLocale_mblen           0x800'1299     0x4  Code  Gb  xlocale_c.o [2]
_gLocale_mblenInt        0x800'125d    0x2c  Code  Gb  xlocale_c.o [2]
_gLocale_wctomb          0x800'129d     0x4  Code  Gb  xlocale_c.o [2]
_gLocale_wctombInt       0x800'1295     0x4  Code  Gb  xlocale_c.o [2]
_main                    0x800'57df          Code  Gb  cmain.o [4]
abort                    0x800'1e11     0x6  Code  Gb  abort.o [2]
exit                     0x800'57e7     0x4  Code  Gb  exit.o [2]
fputc                    0x800'3f5b    0x12  Code  Gb  AnyID_SM5003_Device.o [1]
frexp                    0x800'1459          Code  Gb  frexp.o [3]
frexpl                   0x800'1459          Code  Gb  frexp.o [3]
g_nCountSensor_Count    0x2000'31a0     0x2  Data  Gb  stm32f10x_it.o [1]
g_nKeyValue             0x2000'31a6     0x1  Data  Gb  AnyID_SM5003_Device.o [1]
g_nR485Dr               0x2000'31a4     0x2  Data  Gb  stm32f10x_it.o [1]
g_nR485Sr               0x2000'31a2     0x2  Data  Gb  stm32f10x_it.o [1]
g_sList                 0x2000'3030    0x14  Data  Gb  AnyID_SM5003_Device.o [1]
g_sListItem1            0x2000'3044    0x14  Data  Gb  AnyID_SM5003_Device.o [1]
g_sListItem2            0x2000'3058    0x14  Data  Gb  AnyID_SM5003_Device.o [1]
g_sListItem3            0x2000'306c    0x14  Data  Gb  AnyID_SM5003_Device.o [1]
g_sListItem4            0x2000'3080    0x14  Data  Gb  AnyID_SM5003_Device.o [1]
g_sR485RcvFrame         0x2000'2d7c   0x224  Data  Gb  AnyID_SM5003_R485.o [1]
g_sR485TxFrame          0x2000'2b54   0x228  Data  Gb  AnyID_SM5003_R485.o [1]
ldexp                    0x800'1529          Code  Gb  ldexp.o [3]
ldexpl                   0x800'1529          Code  Gb  ldexp.o [3]
localeconv               0x800'12a1     0x4  Code  Gb  xlocale_c.o [2]
main                     0x800'5511    0x2c  Code  Gb  main.o [1]
memchr                   0x800'1359          Code  Gb  memchr.o [4]
obuf                    0x2000'2fa0    0x50  Data  Lc  xfiles.o [2]
pcInterruptPriorityRegisters
                         0x800'5ad4     0x4  Data  Lc  port.o [1]
printf                   0x800'4999    0x28  Code  Gb  printf.o [2]
prvAddCurrentTaskToDelayedList
                         0x800'2eb1    0xb0  Code  Lc  tasks.o [1]
prvAddNewTaskToReadyList
                         0x800'20fb    0xc0  Code  Lc  tasks.o [1]
prvCheckForValidListAndQueue
                         0x800'37f9    0x46  Code  Lc  timers.o [1]
prvCheckTasksWaitingTermination
                         0x800'2cfb    0x3e  Code  Lc  tasks.o [1]
prvCopyDataFromQueue     0x800'3c6d    0x36  Code  Lc  queue.o [1]
prvCopyDataToQueue       0x800'3bd1    0x9c  Code  Lc  queue.o [1]
prvDeleteTCB             0x800'2d4d    0x12  Code  Lc  tasks.o [1]
prvGetNextExpireTime     0x800'3629    0x26  Code  Lc  timers.o [1]
prvHeapInit              0x800'3113    0x5a  Code  Lc  heap_4.o [1]
prvIdleTask              0x800'2c81    0x26  Code  Lc  tasks.o [1]
prvInitialiseNewQueue    0x800'3a27    0x3c  Code  Lc  queue.o [1]
prvInitialiseNewTask     0x800'201b    0xe0  Code  Lc  tasks.o [1]
prvInitialiseTaskLists   0x800'2ca7    0x54  Code  Lc  tasks.o [1]
prvInsertBlockIntoFreeList
                         0x800'316d    0x5e  Code  Lc  heap_4.o [1]
prvInsertTimerInActiveList
                         0x800'3675    0x50  Code  Lc  timers.o [1]
prvIsQueueEmpty          0x800'3d2b    0x1c  Code  Lc  queue.o [1]
prvNotifyQueueSetContainer
                         0x800'3df1    0xa0  Code  Lc  queue.o [1]
prvProcessExpiredTimer   0x800'3561    0x3c  Code  Lc  timers.o [1]
prvProcessReceivedCommands
                         0x800'36c5   0x108  Code  Lc  timers.o [1]
prvProcessTimerOrBlockTask
                         0x800'35bb    0x6e  Code  Lc  timers.o [1]
prvReloadTimer           0x800'3539    0x28  Code  Lc  timers.o [1]
prvResetNextTaskUnblockTime
                         0x800'2d5f    0x26  Code  Lc  tasks.o [1]
prvSampleTimeNow         0x800'364f    0x26  Code  Lc  timers.o [1]
prvSampleTimeNow::xLastTime
                        0x2000'3198     0x4  Data  Lc  timers.o [1]
prvSwitchTimerLists      0x800'37cd    0x2c  Code  Lc  timers.o [1]
prvTaskExitError         0x800'330d    0x2a  Code  Lc  port.o [1]
prvTaskIsTaskSuspended   0x800'2479    0x3e  Code  Lc  tasks.o [1]
prvTimerTask             0x800'35a1    0x1a  Code  Lc  timers.o [1]
prvUnlockQueue           0x800'3ca3    0x88  Code  Lc  queue.o [1]
putchar                  0x800'5939     0xc  Code  Gb  putchar.o [2]
pvPortMalloc             0x800'2f89   0x114  Code  Gb  heap_4.o [1]
pxCurrentTCB            0x2000'314c     0x4  Data  Gb  tasks.o [1]
pxCurrentTimerList      0x2000'3188     0x4  Data  Lc  timers.o [1]
pxDelayedTaskList       0x2000'3150     0x4  Data  Lc  tasks.o [1]
pxEnd                   0x2000'3134     0x4  Data  Lc  heap_4.o [1]
pxOverflowDelayedTaskList
                        0x2000'3154     0x4  Data  Lc  tasks.o [1]
pxOverflowTimerList     0x2000'318c     0x4  Data  Lc  timers.o [1]
pxPortInitialiseStack    0x800'32ed    0x20  Code  Gb  port.o [1]
pxReadyTasksLists       0x2000'28e8   0x26c  Data  Lc  tasks.o [1]
scalbln                  0x800'1529          Code  Gb  ldexp.o [3]
scalblnl                 0x800'1529          Code  Gb  ldexp.o [3]
scalbn                   0x800'1529          Code  Gb  ldexp.o [3]
scalbnl                  0x800'1529          Code  Gb  ldexp.o [3]
scale                    0x800'114d    0x46  Code  Lc  xprintffull.o [2]
sec_hand                0x2000'319c     0x4  Data  Lc  xfail_s.o [2]
strchr                   0x800'12ad          Code  Gb  strchr.o [4]
strlen                   0x800'1321          Code  Gb  strlen.o [4]
ucHeap                  0x2000'00e8  0x2800  Data  Lc  heap_4.o [1]
ucMaxSysCallPriority    0x2000'31a7     0x1  Data  Lc  port.o [1]
ulMaxPRIGROUPValue      0x2000'3148     0x4  Data  Lc  port.o [1]
uxCriticalNesting       0x2000'0000     0x4  Data  Lc  port.o [1]
uxCurrentNumberOfTasks  0x2000'315c     0x4  Data  Lc  tasks.o [1]
uxDeletedTasksWaitingCleanUp
                        0x2000'3158     0x4  Data  Lc  tasks.o [1]
uxListRemove             0x800'32c5    0x28  Code  Gb  list.o [1]
uxSchedulerSuspended    0x2000'3184     0x4  Data  Lc  tasks.o [1]
uxTaskGetNumberOfTasks   0x800'27f1     0x6  Code  Gb  tasks.o [1]
uxTaskNumber            0x2000'3178     0x4  Data  Lc  tasks.o [1]
uxTopReadyPriority      0x2000'3164     0x4  Data  Lc  tasks.o [1]
uxTopUsedPriority       0x2000'001c     0x4  Data  Gb  tasks.o [1]
vListInitialise          0x800'3253    0x1e  Code  Gb  list.o [1]
vListInitialiseItem      0x800'3271     0x6  Code  Gb  list.o [1]
vListInsert              0x800'328f    0x36  Code  Gb  list.o [1]
vListInsertEnd           0x800'3277    0x18  Code  Gb  list.o [1]
vPortEnterCritical       0x800'33c5    0x34  Code  Gb  port.o [1]
vPortExitCritical        0x800'33f9    0x2c  Code  Gb  port.o [1]
vPortFree                0x800'309d    0x76  Code  Gb  heap_4.o [1]
vPortStartFirstTask      0x800'38cf          Code  Gb  portasm.o [1]
vPortValidateInterruptPriority
                         0x800'344d    0x4e  Code  Gb  port.o [1]
vQueueAddToRegistry      0x800'3d47    0x5a  Code  Gb  queue.o [1]
vQueueWaitForMessageRestricted
                         0x800'3da5    0x4c  Code  Gb  queue.o [1]
vTaskDelay               0x800'2341    0x4e  Code  Gb  tasks.o [1]
vTaskDelete              0x800'21bb    0xd4  Code  Gb  tasks.o [1]
vTaskInternalSetTimeOutState
                         0x800'2bb1    0x12  Code  Gb  tasks.o [1]
vTaskMissedYield         0x800'2c71     0x8  Code  Gb  tasks.o [1]
vTaskPlaceOnEventList    0x800'2a21    0x34  Code  Gb  tasks.o [1]
vTaskPlaceOnEventListRestricted
                         0x800'2a55    0x58  Code  Gb  tasks.o [1]
vTaskResume              0x800'24b7    0xa4  Code  Gb  tasks.o [1]
vTaskStartScheduler      0x800'2623    0x78  Code  Gb  tasks.o [1]
vTaskSuspend             0x800'238f    0xea  Code  Gb  tasks.o [1]
vTaskSuspendAll          0x800'269b     0xc  Code  Gb  tasks.o [1]
vTaskSwitchContext       0x800'29a5    0x74  Code  Gb  tasks.o [1]
xActiveTimerList1       0x2000'30f8    0x14  Data  Lc  timers.o [1]
xActiveTimerList2       0x2000'310c    0x14  Data  Lc  timers.o [1]
xDelayedTaskList1       0x2000'3094    0x14  Data  Lc  tasks.o [1]
xDelayedTaskList2       0x2000'30a8    0x14  Data  Lc  tasks.o [1]
xFreeBytesRemaining     0x2000'3138     0x4  Data  Lc  heap_4.o [1]
xHeapStructSize          0x800'5ad0     0x4  Data  Lc  heap_4.o [1]
xIdleTaskHandle         0x2000'3180     0x4  Data  Lc  tasks.o [1]
xMinimumEverFreeBytesRemaining
                        0x2000'313c     0x4  Data  Lc  heap_4.o [1]
xNextTaskUnblockTime    0x2000'317c     0x4  Data  Lc  tasks.o [1]
xNumOfOverflows         0x2000'3174     0x4  Data  Lc  tasks.o [1]
xNumberOfSuccessfulAllocations
                        0x2000'3140     0x4  Data  Lc  heap_4.o [1]
xNumberOfSuccessfulFrees
                        0x2000'3144     0x4  Data  Lc  heap_4.o [1]
xPendedTicks            0x2000'316c     0x4  Data  Lc  tasks.o [1]
xPendingReadyList       0x2000'30bc    0x14  Data  Lc  tasks.o [1]
xPortStartScheduler      0x800'3337    0x8e  Code  Gb  port.o [1]
xQueueGenericCreate      0x800'39bb    0x6c  Code  Gb  queue.o [1]
xQueueGenericReset       0x800'38f1    0xca  Code  Gb  queue.o [1]
xQueueReceive            0x800'3a63   0x16a  Code  Gb  queue.o [1]
xQueueRegistry          0x2000'2ff0    0x40  Data  Gb  queue.o [1]
xSchedulerRunning       0x2000'3168     0x4  Data  Lc  tasks.o [1]
xStart                  0x2000'3120     0x8  Data  Lc  heap_4.o [1]
xSuspendedTaskList      0x2000'30e4    0x14  Data  Lc  tasks.o [1]
xTaskCheckForTimeOut     0x800'2bc3    0xae  Code  Gb  tasks.o [1]
xTaskCreate              0x800'1f9d    0x7e  Code  Gb  tasks.o [1]
xTaskDelayUntil          0x800'228f    0xb2  Code  Gb  tasks.o [1]
xTaskGetSchedulerState   0x800'2d85    0x20  Code  Gb  tasks.o [1]
xTaskGetTickCount        0x800'27e9     0x8  Code  Gb  tasks.o [1]
xTaskIncrementTick       0x800'2819   0x188  Code  Gb  tasks.o [1]
xTaskPriorityDisinherit
                         0x800'2db1    0xc0  Code  Gb  tasks.o [1]
xTaskRemoveFromEventList
                         0x800'2ab9    0xf8  Code  Gb  tasks.o [1]
xTaskResumeAll           0x800'26a7   0x142  Code  Gb  tasks.o [1]
xTaskResumeFromISR       0x800'255b    0xc8  Code  Gb  tasks.o [1]
xTasksWaitingTermination
                        0x2000'30d0    0x14  Data  Lc  tasks.o [1]
xTickCount              0x2000'3160     0x4  Data  Lc  tasks.o [1]
xTimerCreateTimerTask    0x800'34f1    0x48  Code  Gb  timers.o [1]
xTimerQueue             0x2000'3190     0x4  Data  Lc  timers.o [1]
xTimerTaskHandle        0x2000'3194     0x4  Data  Lc  timers.o [1]
xYieldPending           0x2000'3170     0x4  Data  Lc  tasks.o [1]


[1] = E:\AnyId\Git\SoftWare\OSIO\OSIO\Build\Obj
[2] = dl7M_tlf.a
[3] = m7M_tl.a
[4] = rt7M_tl.a
[5] = shb_l.a

  22'145 bytes of readonly  code memory
   1'433 bytes of readonly  data memory
  15'272 bytes of readwrite data memory

Errors: none
Warnings: none
