###############################################################################
#
# IAR ELF Linker V8.40.1.212/W32 for ARM                  10/Jul/2024  23:52:59
# Copyright 2007-2019 IAR Systems AB.
#
#    Output file  =  E:\AnyId\Git\SoftWare\OSIO\OSIO\Build\Exe\OSIO.out
#    Map file     =  E:\AnyId\Git\SoftWare\OSIO\OSIO\Build\List\OSIO.map
#    Command line =
#        -f C:\Users\swnw\AppData\Local\Temp\EW8108.tmp
#        (E:\AnyId\Git\SoftWare\OSIO\OSIO\Build\Obj\AnyID_FRam.o
#        E:\AnyId\Git\SoftWare\OSIO\OSIO\Build\Obj\AnyID_SM5003_AD.o
#        E:\AnyId\Git\SoftWare\OSIO\OSIO\Build\Obj\AnyID_SM5003_AD_HL.o
#        E:\AnyId\Git\SoftWare\OSIO\OSIO\Build\Obj\AnyID_SM5003_Device.o
#        E:\AnyId\Git\SoftWare\OSIO\OSIO\Build\Obj\AnyID_SM5003_Fire_HL.o
#        E:\AnyId\Git\SoftWare\OSIO\OSIO\Build\Obj\AnyID_SM5003_FRam.o
#        E:\AnyId\Git\SoftWare\OSIO\OSIO\Build\Obj\AnyID_SM5003_FRam_HL.o
#        E:\AnyId\Git\SoftWare\OSIO\OSIO\Build\Obj\AnyID_SM5003_R485.o
#        E:\AnyId\Git\SoftWare\OSIO\OSIO\Build\Obj\AnyID_SM5003_R485_HL.o
#        E:\AnyId\Git\SoftWare\OSIO\OSIO\Build\Obj\AnyID_SM5003_SysCfg.o
#        E:\AnyId\Git\SoftWare\OSIO\OSIO\Build\Obj\AnyID_SM5003_SysTick_HL.o
#        E:\AnyId\Git\SoftWare\OSIO\OSIO\Build\Obj\AnyID_SM5003_Water_HL.o
#        E:\AnyId\Git\SoftWare\OSIO\OSIO\Build\Obj\AnyID_SM5003_WDG_HL.o
#        E:\AnyId\Git\SoftWare\OSIO\OSIO\Build\Obj\AnyID_Stdlib.o
#        E:\AnyId\Git\SoftWare\OSIO\OSIO\Build\Obj\AnyID_Uart_Receive.o
#        E:\AnyId\Git\SoftWare\OSIO\OSIO\Build\Obj\croutine.o
#        E:\AnyId\Git\SoftWare\OSIO\OSIO\Build\Obj\event_groups.o
#        E:\AnyId\Git\SoftWare\OSIO\OSIO\Build\Obj\heap_4.o
#        E:\AnyId\Git\SoftWare\OSIO\OSIO\Build\Obj\list.o
#        E:\AnyId\Git\SoftWare\OSIO\OSIO\Build\Obj\main.o
#        E:\AnyId\Git\SoftWare\OSIO\OSIO\Build\Obj\misc.o
#        E:\AnyId\Git\SoftWare\OSIO\OSIO\Build\Obj\port.o
#        E:\AnyId\Git\SoftWare\OSIO\OSIO\Build\Obj\portasm.o
#        E:\AnyId\Git\SoftWare\OSIO\OSIO\Build\Obj\queue.o
#        E:\AnyId\Git\SoftWare\OSIO\OSIO\Build\Obj\startup_stm32f10x_hd.o
#        E:\AnyId\Git\SoftWare\OSIO\OSIO\Build\Obj\stm32f10x_adc.o
#        E:\AnyId\Git\SoftWare\OSIO\OSIO\Build\Obj\stm32f10x_dma.o
#        E:\AnyId\Git\SoftWare\OSIO\OSIO\Build\Obj\stm32f10x_exti.o
#        E:\AnyId\Git\SoftWare\OSIO\OSIO\Build\Obj\stm32f10x_flash.o
#        E:\AnyId\Git\SoftWare\OSIO\OSIO\Build\Obj\stm32f10x_gpio.o
#        E:\AnyId\Git\SoftWare\OSIO\OSIO\Build\Obj\stm32f10x_it.o
#        E:\AnyId\Git\SoftWare\OSIO\OSIO\Build\Obj\stm32f10x_iwdg.o
#        E:\AnyId\Git\SoftWare\OSIO\OSIO\Build\Obj\stm32f10x_rcc.o
#        E:\AnyId\Git\SoftWare\OSIO\OSIO\Build\Obj\stm32f10x_spi.o
#        E:\AnyId\Git\SoftWare\OSIO\OSIO\Build\Obj\stm32f10x_tim.o
#        E:\AnyId\Git\SoftWare\OSIO\OSIO\Build\Obj\stm32f10x_usart.o
#        E:\AnyId\Git\SoftWare\OSIO\OSIO\Build\Obj\stream_buffer.o
#        E:\AnyId\Git\SoftWare\OSIO\OSIO\Build\Obj\system_stm32f10x.o
#        E:\AnyId\Git\SoftWare\OSIO\OSIO\Build\Obj\tasks.o
#        E:\AnyId\Git\SoftWare\OSIO\OSIO\Build\Obj\timers.o --redirect
#        _Printf=_PrintfFull --redirect _Scanf=_ScanfFull --no_out_extension -o
#        E:\AnyId\Git\SoftWare\OSIO\OSIO\Build\Exe\OSIO.out --map
#        E:\AnyId\Git\SoftWare\OSIO\OSIO\Build\List\OSIO.map --config
#        E:\AnyId\Git\SoftWare\OSIO\OSIO\GD32F103x8.icf --semihosting --entry
#        __iar_program_start --vfe --text_out locale)
#
###############################################################################

*******************************************************************************
*** RUNTIME MODEL ATTRIBUTES
***

CppFlavor       = *
__SystemLibrary = DLib
__dlib_version  = 6


*******************************************************************************
*** HEAP SELECTION
***

The basic heap was selected because no calls to memory allocation
functions were found in the application outside of system library
functions, and there are calls to deallocation functions in the
application.


*******************************************************************************
*** PLACEMENT SUMMARY
***

"A0":  place at address 0x800'0000 { ro section .intvec };
"P1":  place in [from 0x800'0000 to 0x800'ffff] { ro };
define block CSTACK with size = 2560, alignment = 8 { };
define block HEAP with size = 2560, alignment = 8 { };
"P2":  place in [from 0x2000'0000 to 0x2000'4fff] {
          rw, block CSTACK, block HEAP };
initialize by copy { rw };

  Section            Kind         Address    Size  Object
  -------            ----         -------    ----  ------
"A0":                                       0x130
  .intvec            ro code   0x800'0000   0x130  startup_stm32f10x_hd.o [1]
                             - 0x800'0130   0x130

"P1":                                      0x27c0
  .text              ro code   0x800'0130   0xc6c  tasks.o [1]
  .text              ro code   0x800'0d9c   0x264  heap_4.o [1]
  .text              ro code   0x800'1000    0x66  ABImemset.o [3]
  .text              ro code   0x800'1066    0x9a  list.o [1]
  .text              ro code   0x800'1100   0x1ac  port.o [1]
  .text              ro code   0x800'12ac   0x378  timers.o [1]
  CODE               ro code   0x800'1624    0x88  portasm.o [1]
  .text              ro code   0x800'16ac   0x5a0  queue.o [1]
  .text              ro code   0x800'1c4c    0xa6  ABImemcpy.o [3]
  .text              ro code   0x800'1cf2    0x3a  zero_init3.o [3]
  .text              ro code   0x800'1d2c   0x208  stm32f10x_rcc.o [1]
  .text              ro code   0x800'1f34   0x178  stm32f10x_gpio.o [1]
  .text              ro code   0x800'20ac   0x144  AnyID_SM5003_Device.o [1]
  .text              ro code   0x800'21f0   0x144  stm32f10x_tim.o [1]
  .text              ro code   0x800'2334   0x110  system_stm32f10x.o [1]
  .text              ro code   0x800'2444   0x100  AnyID_SM5003_SysCfg.o [1]
  .text              ro code   0x800'2544    0x2c  stm32f10x_flash.o [1]
  .text              ro code   0x800'2570    0x28  misc.o [1]
  .text              ro code   0x800'2598    0xb8  stm32f10x_it.o [1]
  .text              ro code   0x800'2650    0x34  AnyID_SM5003_R485_HL.o [1]
  .text              ro code   0x800'2684    0x2e  copy_init3.o [3]
  .text              ro code   0x800'26b4    0x2c  main.o [1]
  .text              ro code   0x800'26e0    0x28  data_init.o [3]
  .iar.init_table    const     0x800'2708    0x24  - Linker created -
  .text              ro code   0x800'272c    0x1e  cmain.o [3]
  .text              ro code   0x800'274a     0x4  low_level_init.o [2]
  .text              ro code   0x800'274e     0x4  exit.o [2]
  .text              ro code   0x800'2754     0xa  cexit.o [3]
  .text              ro code   0x800'2760    0x14  exit.o [4]
  .rodata            const     0x800'2774    0x14  main.o [1]
  .rodata            const     0x800'2788    0x10  AnyID_SM5003_Device.o [1]
  .rodata            const     0x800'2798    0x10  AnyID_SM5003_Device.o [1]
  .rodata            const     0x800'27a8    0x10  AnyID_SM5003_Device.o [1]
  .text              ro code   0x800'27b8    0x10  startup_stm32f10x_hd.o [1]
  .text              ro code   0x800'27c8     0xc  cstartup_M.o [3]
  Initializer bytes  const     0x800'27d4     0xc  <for P2-1>
  .rodata            const     0x800'27e0     0x8  AnyID_SM5003_Device.o [1]
  .rodata            const     0x800'27e8     0x8  AnyID_SM5003_R485_HL.o [1]
  .rodata            const     0x800'27f0     0x8  tasks.o [1]
  .rodata            const     0x800'27f8     0x8  timers.o [1]
  .rodata            const     0x800'2800     0x8  timers.o [1]
  .rodata            const     0x800'2808     0x4  heap_4.o [1]
  .text              ro code   0x800'280c     0x4  startup_stm32f10x_hd.o [1]
  .text              ro code   0x800'2810     0x4  startup_stm32f10x_hd.o [1]
  .text              ro code   0x800'2814     0x4  startup_stm32f10x_hd.o [1]
  .text              ro code   0x800'2818     0x4  startup_stm32f10x_hd.o [1]
  .text              ro code   0x800'281c     0x4  startup_stm32f10x_hd.o [1]
  .text              ro code   0x800'2820     0x4  startup_stm32f10x_hd.o [1]
  .text              ro code   0x800'2824     0x4  startup_stm32f10x_hd.o [1]
  .text              ro code   0x800'2828     0x4  startup_stm32f10x_hd.o [1]
  .text              ro code   0x800'282c     0x4  startup_stm32f10x_hd.o [1]
  .text              ro code   0x800'2830     0x4  startup_stm32f10x_hd.o [1]
  .text              ro code   0x800'2834     0x4  startup_stm32f10x_hd.o [1]
  .text              ro code   0x800'2838     0x4  startup_stm32f10x_hd.o [1]
  .text              ro code   0x800'283c     0x4  startup_stm32f10x_hd.o [1]
  .text              ro code   0x800'2840     0x4  startup_stm32f10x_hd.o [1]
  .text              ro code   0x800'2844     0x4  startup_stm32f10x_hd.o [1]
  .text              ro code   0x800'2848     0x4  startup_stm32f10x_hd.o [1]
  .text              ro code   0x800'284c     0x4  startup_stm32f10x_hd.o [1]
  .text              ro code   0x800'2850     0x4  startup_stm32f10x_hd.o [1]
  .text              ro code   0x800'2854     0x4  startup_stm32f10x_hd.o [1]
  .text              ro code   0x800'2858     0x4  startup_stm32f10x_hd.o [1]
  .text              ro code   0x800'285c     0x4  startup_stm32f10x_hd.o [1]
  .text              ro code   0x800'2860     0x4  startup_stm32f10x_hd.o [1]
  .text              ro code   0x800'2864     0x4  startup_stm32f10x_hd.o [1]
  .text              ro code   0x800'2868     0x4  startup_stm32f10x_hd.o [1]
  .text              ro code   0x800'286c     0x4  startup_stm32f10x_hd.o [1]
  .text              ro code   0x800'2870     0x4  startup_stm32f10x_hd.o [1]
  .text              ro code   0x800'2874     0x4  startup_stm32f10x_hd.o [1]
  .text              ro code   0x800'2878     0x4  startup_stm32f10x_hd.o [1]
  .text              ro code   0x800'287c     0x4  startup_stm32f10x_hd.o [1]
  .text              ro code   0x800'2880     0x4  startup_stm32f10x_hd.o [1]
  .text              ro code   0x800'2884     0x4  startup_stm32f10x_hd.o [1]
  .text              ro code   0x800'2888     0x4  startup_stm32f10x_hd.o [1]
  .text              ro code   0x800'288c     0x4  startup_stm32f10x_hd.o [1]
  .text              ro code   0x800'2890     0x4  startup_stm32f10x_hd.o [1]
  .text              ro code   0x800'2894     0x4  startup_stm32f10x_hd.o [1]
  .text              ro code   0x800'2898     0x4  startup_stm32f10x_hd.o [1]
  .text              ro code   0x800'289c     0x4  startup_stm32f10x_hd.o [1]
  .text              ro code   0x800'28a0     0x4  startup_stm32f10x_hd.o [1]
  .text              ro code   0x800'28a4     0x4  startup_stm32f10x_hd.o [1]
  .text              ro code   0x800'28a8     0x4  startup_stm32f10x_hd.o [1]
  .text              ro code   0x800'28ac     0x4  startup_stm32f10x_hd.o [1]
  .text              ro code   0x800'28b0     0x4  startup_stm32f10x_hd.o [1]
  .text              ro code   0x800'28b4     0x4  startup_stm32f10x_hd.o [1]
  .text              ro code   0x800'28b8     0x4  startup_stm32f10x_hd.o [1]
  .text              ro code   0x800'28bc     0x4  startup_stm32f10x_hd.o [1]
  .text              ro code   0x800'28c0     0x4  startup_stm32f10x_hd.o [1]
  .text              ro code   0x800'28c4     0x4  startup_stm32f10x_hd.o [1]
  .text              ro code   0x800'28c8     0x4  startup_stm32f10x_hd.o [1]
  .text              ro code   0x800'28cc     0x4  startup_stm32f10x_hd.o [1]
  .text              ro code   0x800'28d0     0x4  startup_stm32f10x_hd.o [1]
  .text              ro code   0x800'28d4     0x4  startup_stm32f10x_hd.o [1]
  .text              ro code   0x800'28d8     0x4  startup_stm32f10x_hd.o [1]
  .text              ro code   0x800'28dc     0x4  startup_stm32f10x_hd.o [1]
  .text              ro code   0x800'28e0     0x4  startup_stm32f10x_hd.o [1]
  .text              ro code   0x800'28e4     0x4  startup_stm32f10x_hd.o [1]
  .text              ro code   0x800'28e8     0x4  startup_stm32f10x_hd.o [1]
  .text              ro code   0x800'28ec     0x4  startup_stm32f10x_hd.o [1]
  .rodata            const     0x800'28f0     0x0  zero_init3.o [3]
  .rodata            const     0x800'28f0     0x0  copy_init3.o [3]
                             - 0x800'28f0  0x27c0

"P2", part 1 of 3:                            0xc
  P2-1                        0x2000'0000     0xc  <Init block>
    .data            inited   0x2000'0000     0x4  port.o [1]
    .data            inited   0x2000'0004     0x4  system_stm32f10x.o [1]
    .data            inited   0x2000'0008     0x4  tasks.o [1]
                            - 0x2000'000c     0xc

"P2", part 2 of 3:                         0x3008
  .bss               zero     0x2000'000c  0x2800  heap_4.o [1]
  .bss               zero     0x2000'280c   0x26c  tasks.o [1]
  .bss               zero     0x2000'2a78   0x228  AnyID_SM5003_R485.o [1]
  .bss               zero     0x2000'2ca0   0x224  AnyID_SM5003_R485.o [1]
  .bss               zero     0x2000'2ec4    0x40  queue.o [1]
  .bss               zero     0x2000'2f04    0x14  tasks.o [1]
  .bss               zero     0x2000'2f18    0x14  tasks.o [1]
  .bss               zero     0x2000'2f2c    0x14  tasks.o [1]
  .bss               zero     0x2000'2f40    0x14  tasks.o [1]
  .bss               zero     0x2000'2f54    0x14  tasks.o [1]
  .bss               zero     0x2000'2f68    0x14  timers.o [1]
  .bss               zero     0x2000'2f7c    0x14  timers.o [1]
  .bss               zero     0x2000'2f90     0x8  heap_4.o [1]
  .bss               zero     0x2000'2f98     0x4  AnyID_SM5003_Device.o [1]
  .bss               zero     0x2000'2f9c     0x4  AnyID_SM5003_Device.o [1]
  .bss               zero     0x2000'2fa0     0x4  AnyID_SM5003_Device.o [1]
  .bss               zero     0x2000'2fa4     0x4  heap_4.o [1]
  .bss               zero     0x2000'2fa8     0x4  heap_4.o [1]
  .bss               zero     0x2000'2fac     0x4  heap_4.o [1]
  .bss               zero     0x2000'2fb0     0x4  heap_4.o [1]
  .bss               zero     0x2000'2fb4     0x4  heap_4.o [1]
  .bss               zero     0x2000'2fb8     0x4  port.o [1]
  .bss               zero     0x2000'2fbc     0x4  tasks.o [1]
  .bss               zero     0x2000'2fc0     0x4  tasks.o [1]
  .bss               zero     0x2000'2fc4     0x4  tasks.o [1]
  .bss               zero     0x2000'2fc8     0x4  tasks.o [1]
  .bss               zero     0x2000'2fcc     0x4  tasks.o [1]
  .bss               zero     0x2000'2fd0     0x4  tasks.o [1]
  .bss               zero     0x2000'2fd4     0x4  tasks.o [1]
  .bss               zero     0x2000'2fd8     0x4  tasks.o [1]
  .bss               zero     0x2000'2fdc     0x4  tasks.o [1]
  .bss               zero     0x2000'2fe0     0x4  tasks.o [1]
  .bss               zero     0x2000'2fe4     0x4  tasks.o [1]
  .bss               zero     0x2000'2fe8     0x4  tasks.o [1]
  .bss               zero     0x2000'2fec     0x4  tasks.o [1]
  .bss               zero     0x2000'2ff0     0x4  tasks.o [1]
  .bss               zero     0x2000'2ff4     0x4  tasks.o [1]
  .bss               zero     0x2000'2ff8     0x4  timers.o [1]
  .bss               zero     0x2000'2ffc     0x4  timers.o [1]
  .bss               zero     0x2000'3000     0x4  timers.o [1]
  .bss               zero     0x2000'3004     0x4  timers.o [1]
  .bss               zero     0x2000'3008     0x4  timers.o [1]
  .bss               zero     0x2000'300c     0x2  stm32f10x_it.o [1]
  .bss               zero     0x2000'300e     0x2  stm32f10x_it.o [1]
  .bss               zero     0x2000'3010     0x1  port.o [1]
                            - 0x2000'3011  0x3005

"P2", part 3 of 3:                          0xa00
  CSTACK                      0x2000'3018   0xa00  <Block>
    CSTACK           uninit   0x2000'3018   0xa00  <Block tail>
                            - 0x2000'3a18   0xa00

Unused ranges:

         From           To    Size
         ----           --    ----
   0x800'28f0   0x800'ffff  0xd710
  0x2000'3014  0x2000'3017     0x4
  0x2000'3a18  0x2000'4fff  0x15e8


*******************************************************************************
*** INIT TABLE
***

          Address      Size
          -------      ----
Zero (__iar_zero_init3)
    1 destination range, total size 0x3005:
          0x2000'000c  0x3005

Copy (__iar_copy_init3)
    1 source range, total size 0xc:
           0x800'27d4     0xc
    1 destination range, total size 0xc:
          0x2000'0000     0xc



*******************************************************************************
*** MODULE SUMMARY
***

    Module                  ro code  ro data  rw data
    ------                  -------  -------  -------
command line/config:
    -------------------------------------------------
    Total:

E:\AnyId\Git\SoftWare\OSIO\OSIO\Build\Obj: [1]
    AnyID_SM5003_Device.o       324       56       12
    AnyID_SM5003_R485.o                         1'100
    AnyID_SM5003_R485_HL.o       52        8
    AnyID_SM5003_SysCfg.o       256
    heap_4.o                    612        4   10'268
    list.o                      154
    main.o                       44       20
    misc.o                       40
    port.o                      428        4        9
    portasm.o                   136
    queue.o                   1'440                64
    startup_stm32f10x_hd.o      548
    stm32f10x_flash.o            44
    stm32f10x_gpio.o            376
    stm32f10x_it.o              184                 4
    stm32f10x_rcc.o             520
    stm32f10x_tim.o             324
    system_stm32f10x.o          272        4        4
    tasks.o                   3'180       12      784
    timers.o                    888       16       60
    -------------------------------------------------
    Total:                    9'822      124   12'305

dl7M_tlf.a: [2]
    exit.o                        4
    low_level_init.o              4
    -------------------------------------------------
    Total:                        8

rt7M_tl.a: [3]
    ABImemcpy.o                 166
    ABImemset.o                 102
    cexit.o                      10
    cmain.o                      30
    copy_init3.o                 46
    cstartup_M.o                 12
    data_init.o                  40
    zero_init3.o                 58
    -------------------------------------------------
    Total:                      464

shb_l.a: [4]
    exit.o                       20
    -------------------------------------------------
    Total:                       20

    Gaps                          6
    Linker created                        36    2'560
-----------------------------------------------------
    Grand Total:             10'320      160   14'865


*******************************************************************************
*** ENTRY LIST
***

Entry                       Address    Size  Type      Object
-----                       -------    ----  ----      ------
.iar.init_table$$Base    0x800'2708           --   Gb  - Linker created -
.iar.init_table$$Limit   0x800'272c           --   Gb  - Linker created -
?main                    0x800'272d          Code  Gb  cmain.o [3]
BusFault_Handler         0x800'259f     0x2  Code  Gb  stm32f10x_it.o [1]
CSTACK$$Base            0x2000'3018           --   Gb  - Linker created -
CSTACK$$Limit           0x2000'3a18           --   Gb  - Linker created -
DEVICE_RUNLED_COM        0x800'27e0     0x8  Data  Gb  AnyID_SM5003_Device.o [1]
DMA1_Channel4_IRQHandler
                         0x800'25c9    0x28  Code  Gb  stm32f10x_it.o [1]
DMA1_Channel5_IRQHandler
                         0x800'25a5    0x24  Code  Gb  stm32f10x_it.o [1]
DebugMon_Handler         0x800'25a3     0x2  Code  Gb  stm32f10x_it.o [1]
Device_CtrlIOInit        0x800'20ad    0x88  Code  Gb  AnyID_SM5003_Device.o [1]
Device_Task1             0x800'2191    0x14  Code  Gb  AnyID_SM5003_Device.o [1]
Device_Task1Handle      0x2000'2f98     0x4  Data  Gb  AnyID_SM5003_Device.o [1]
Device_Task2             0x800'21a5    0x14  Code  Gb  AnyID_SM5003_Device.o [1]
Device_Task2Handle      0x2000'2f9c     0x4  Data  Gb  AnyID_SM5003_Device.o [1]
Device_Task3             0x800'21b9    0x14  Code  Gb  AnyID_SM5003_Device.o [1]
Device_Task3Handle      0x2000'2fa0     0x4  Data  Gb  AnyID_SM5003_Device.o [1]
Device_TaskCreat         0x800'2135    0x5a  Code  Gb  AnyID_SM5003_Device.o [1]
FLASH_PrefetchBufferCmd
                         0x800'2557    0x14  Code  Gb  stm32f10x_flash.o [1]
FLASH_SetLatency         0x800'2545    0x12  Code  Gb  stm32f10x_flash.o [1]
GPIO_Init                0x800'1f35    0xea  Code  Gb  stm32f10x_gpio.o [1]
GPIO_PinRemapConfig      0x800'201f    0x84  Code  Gb  stm32f10x_gpio.o [1]
HardFault_Handler        0x800'259b     0x2  Code  Gb  stm32f10x_it.o [1]
MemManage_Handler        0x800'259d     0x2  Code  Gb  stm32f10x_it.o [1]
NMI_Handler              0x800'2599     0x2  Code  Gb  stm32f10x_it.o [1]
NVIC_PriorityGroupConfig
                         0x800'2571     0xa  Code  Gb  misc.o [1]
NVIC_SetVectorTable      0x800'257b     0xc  Code  Gb  misc.o [1]
PendSV_Handler           0x800'1625          Code  Gb  portasm.o [1]
R485_DisableTxDma        0x800'2651    0x24  Code  Gb  AnyID_SM5003_R485_HL.o [1]
R485_PORT_CTRL           0x800'27e8     0x8  Data  Gb  AnyID_SM5003_R485_HL.o [1]
RCC_ADCCLKConfig         0x800'1e59    0x10  Code  Gb  stm32f10x_rcc.o [1]
RCC_AHBPeriphClockCmd    0x800'1e69    0x1c  Code  Gb  stm32f10x_rcc.o [1]
RCC_APB1PeriphClockCmd   0x800'1ea1    0x1c  Code  Gb  stm32f10x_rcc.o [1]
RCC_APB2PeriphClockCmd   0x800'1e85    0x1c  Code  Gb  stm32f10x_rcc.o [1]
RCC_DeInit               0x800'1d2d    0x40  Code  Gb  stm32f10x_rcc.o [1]
RCC_GetFlagStatus        0x800'1ebd    0x46  Code  Gb  stm32f10x_rcc.o [1]
RCC_GetSYSCLKSource      0x800'1e17     0xa  Code  Gb  stm32f10x_rcc.o [1]
RCC_HCLKConfig           0x800'1e21    0x10  Code  Gb  stm32f10x_rcc.o [1]
RCC_HSEConfig            0x800'1d6d    0x3a  Code  Gb  stm32f10x_rcc.o [1]
RCC_PCLK1Config          0x800'1e31    0x10  Code  Gb  stm32f10x_rcc.o [1]
RCC_PCLK2Config          0x800'1e41    0x12  Code  Gb  stm32f10x_rcc.o [1]
RCC_PLLCmd               0x800'1dfd     0xa  Code  Gb  stm32f10x_rcc.o [1]
RCC_PLLConfig            0x800'1de5    0x18  Code  Gb  stm32f10x_rcc.o [1]
RCC_SYSCLKConfig         0x800'1e07    0x10  Code  Gb  stm32f10x_rcc.o [1]
RCC_USBCLKConfig         0x800'1e53     0x6  Code  Gb  stm32f10x_rcc.o [1]
RCC_WaitForHSEStartUp    0x800'1da7    0x3e  Code  Gb  stm32f10x_rcc.o [1]
Region$$Table$$Base      0x800'2708           --   Gb  - Linker created -
Region$$Table$$Limit     0x800'272c           --   Gb  - Linker created -
SVC_Handler              0x800'166b          Code  Gb  portasm.o [1]
SetSysClock              0x800'2371     0x8  Code  Lc  system_stm32f10x.o [1]
SetSysClockTo72          0x800'2379    0xb0  Code  Lc  system_stm32f10x.o [1]
SysTick_Handler          0x800'1239    0x28  Code  Gb  port.o [1]
Sys_CfgClock             0x800'2457    0x78  Code  Gb  AnyID_SM5003_SysCfg.o [1]
Sys_CfgNVIC              0x800'24f5    0x16  Code  Gb  AnyID_SM5003_SysCfg.o [1]
Sys_CfgPeriphClk         0x800'24cf    0x26  Code  Gb  AnyID_SM5003_SysCfg.o [1]
Sys_Delayms              0x800'2445    0x12  Code  Gb  AnyID_SM5003_SysCfg.o [1]
Sys_Init                 0x800'250b    0x3a  Code  Gb  AnyID_SM5003_SysCfg.o [1]
SystemCoreClock         0x2000'0004     0x4  Data  Gb  system_stm32f10x.o [1]
SystemInit               0x800'2335    0x3c  Code  Gb  system_stm32f10x.o [1]
TIM_Cmd                  0x800'2301    0x1e  Code  Gb  stm32f10x_tim.o [1]
TIM_OC4Init              0x800'226d    0x6a  Code  Gb  stm32f10x_tim.o [1]
TIM_OC4PreloadConfig     0x800'231f    0x16  Code  Gb  stm32f10x_tim.o [1]
TIM_TimeBaseInit         0x800'21f1    0x7c  Code  Gb  stm32f10x_tim.o [1]
USART1_IRQHandler        0x800'25f1    0x3a  Code  Gb  stm32f10x_it.o [1]
UsageFault_Handler       0x800'25a1     0x2  Code  Gb  stm32f10x_it.o [1]
__ICFEDIT_region_RAM_end__ {Abs}
                        0x2000'4fff          Data  Gb  <internal module>
__ICFEDIT_region_RAM_start__ {Abs}
                        0x2000'0000          Data  Gb  <internal module>
__aeabi_memcpy           0x800'1c4d          Code  Gb  ABImemcpy.o [3]
__aeabi_memcpy4          0x800'1c6d          Code  Gb  ABImemcpy.o [3]
__aeabi_memcpy8          0x800'1c6d          Code  Gb  ABImemcpy.o [3]
__aeabi_memset           0x800'1001          Code  Gb  ABImemset.o [3]
__cmain                  0x800'272d          Code  Gb  cmain.o [3]
__exit                   0x800'2761    0x14  Code  Gb  exit.o [4]
__iar_Memset             0x800'1001          Code  Gb  ABImemset.o [3]
__iar_Memset_word        0x800'1009          Code  Gb  ABImemset.o [3]
__iar_copy_init3         0x800'2685    0x2e  Code  Gb  copy_init3.o [3]
__iar_data_init3         0x800'26e1    0x28  Code  Gb  data_init.o [3]
__iar_program_start      0x800'27c9          Code  Gb  cstartup_M.o [3]
__iar_zero_init3         0x800'1cf3    0x3a  Code  Gb  zero_init3.o [3]
__low_level_init         0x800'274b     0x4  Code  Gb  low_level_init.o [2]
__vector_table           0x800'0000          Data  Gb  startup_stm32f10x_hd.o [1]
_call_main               0x800'2739          Code  Gb  cmain.o [3]
_exit                    0x800'2755          Code  Gb  cexit.o [3]
_main                    0x800'2747          Code  Gb  cmain.o [3]
exit                     0x800'274f     0x4  Code  Gb  exit.o [2]
g_nR485Dr               0x2000'300e     0x2  Data  Gb  stm32f10x_it.o [1]
g_nR485Sr               0x2000'300c     0x2  Data  Gb  stm32f10x_it.o [1]
g_sR485RcvFrame         0x2000'2ca0   0x224  Data  Gb  AnyID_SM5003_R485.o [1]
g_sR485TxFrame          0x2000'2a78   0x228  Data  Gb  AnyID_SM5003_R485.o [1]
main                     0x800'26b5    0x2c  Code  Gb  main.o [1]
prvAddCurrentTaskToDelayedList
                         0x800'0cc9    0xa6  Code  Lc  tasks.o [1]
prvAddNewTaskToReadyList
                         0x800'028f    0xc0  Code  Lc  tasks.o [1]
prvCheckForValidListAndQueue
                         0x800'15b5    0x46  Code  Lc  timers.o [1]
prvCheckTasksWaitingTermination
                         0x800'0b25    0x3e  Code  Lc  tasks.o [1]
prvCopyDataFromQueue     0x800'1a29    0x36  Code  Lc  queue.o [1]
prvCopyDataToQueue       0x800'198d    0x9c  Code  Lc  queue.o [1]
prvDeleteTCB             0x800'0b69    0x12  Code  Lc  tasks.o [1]
prvGetNextExpireTime     0x800'13e5    0x26  Code  Lc  timers.o [1]
prvHeapInit              0x800'0f27    0x5a  Code  Lc  heap_4.o [1]
prvIdleTask              0x800'0aa9    0x24  Code  Lc  tasks.o [1]
prvInitialiseNewQueue    0x800'17e3    0x3c  Code  Lc  queue.o [1]
prvInitialiseNewTask     0x800'01af    0xe0  Code  Lc  tasks.o [1]
prvInitialiseTaskLists   0x800'0ad1    0x54  Code  Lc  tasks.o [1]
prvInsertBlockIntoFreeList
                         0x800'0f81    0x5e  Code  Lc  heap_4.o [1]
prvInsertTimerInActiveList
                         0x800'1431    0x50  Code  Lc  timers.o [1]
prvIsQueueEmpty          0x800'1ae7    0x1c  Code  Lc  queue.o [1]
prvNotifyQueueSetContainer
                         0x800'1bad    0xa0  Code  Lc  queue.o [1]
prvProcessExpiredTimer   0x800'131d    0x3c  Code  Lc  timers.o [1]
prvProcessReceivedCommands
                         0x800'1481   0x108  Code  Lc  timers.o [1]
prvProcessTimerOrBlockTask
                         0x800'1377    0x6e  Code  Lc  timers.o [1]
prvReloadTimer           0x800'12f5    0x28  Code  Lc  timers.o [1]
prvResetNextTaskUnblockTime
                         0x800'0b7b    0x22  Code  Lc  tasks.o [1]
prvSampleTimeNow         0x800'140b    0x26  Code  Lc  timers.o [1]
prvSampleTimeNow::xLastTime
                        0x2000'3008     0x4  Data  Lc  timers.o [1]
prvSwitchTimerLists      0x800'1589    0x2c  Code  Lc  timers.o [1]
prvTaskExitError         0x800'1121    0x2a  Code  Lc  port.o [1]
prvTimerTask             0x800'135d    0x1a  Code  Lc  timers.o [1]
prvUnlockQueue           0x800'1a5f    0x88  Code  Lc  queue.o [1]
pvPortMalloc             0x800'0d9d   0x114  Code  Gb  heap_4.o [1]
pxCurrentTCB            0x2000'2fbc     0x4  Data  Gb  tasks.o [1]
pxCurrentTimerList      0x2000'2ff8     0x4  Data  Lc  timers.o [1]
pxDelayedTaskList       0x2000'2fc0     0x4  Data  Lc  tasks.o [1]
pxEnd                   0x2000'2fa4     0x4  Data  Lc  heap_4.o [1]
pxOverflowDelayedTaskList
                        0x2000'2fc4     0x4  Data  Lc  tasks.o [1]
pxOverflowTimerList     0x2000'2ffc     0x4  Data  Lc  timers.o [1]
pxPortInitialiseStack    0x800'1101    0x20  Code  Gb  port.o [1]
pxReadyTasksLists       0x2000'280c   0x26c  Data  Lc  tasks.o [1]
ucHeap                  0x2000'000c  0x2800  Data  Lc  heap_4.o [1]
ucMaxSysCallPriority    0x2000'3010     0x1  Data  Lc  port.o [1]
ulMaxPRIGROUPValue      0x2000'2fb8     0x4  Data  Lc  port.o [1]
uxCriticalNesting       0x2000'0000     0x4  Data  Lc  port.o [1]
uxCurrentNumberOfTasks  0x2000'2fcc     0x4  Data  Lc  tasks.o [1]
uxDeletedTasksWaitingCleanUp
                        0x2000'2fc8     0x4  Data  Lc  tasks.o [1]
uxListRemove             0x800'10d9    0x28  Code  Gb  list.o [1]
uxSchedulerSuspended    0x2000'2ff4     0x4  Data  Lc  tasks.o [1]
uxTaskGetNumberOfTasks   0x800'063f     0x6  Code  Gb  tasks.o [1]
uxTaskNumber            0x2000'2fe8     0x4  Data  Lc  tasks.o [1]
uxTopReadyPriority      0x2000'2fd4     0x4  Data  Lc  tasks.o [1]
uxTopUsedPriority       0x2000'0008     0x4  Data  Gb  tasks.o [1]
vListInitialise          0x800'1067    0x1e  Code  Gb  list.o [1]
vListInitialiseItem      0x800'1085     0x6  Code  Gb  list.o [1]
vListInsert              0x800'10a3    0x36  Code  Gb  list.o [1]
vListInsertEnd           0x800'108b    0x18  Code  Gb  list.o [1]
vPortEnterCritical       0x800'11d9    0x34  Code  Gb  port.o [1]
vPortExitCritical        0x800'120d    0x2c  Code  Gb  port.o [1]
vPortFree                0x800'0eb1    0x76  Code  Gb  heap_4.o [1]
vPortStartFirstTask      0x800'168b          Code  Gb  portasm.o [1]
vQueueAddToRegistry      0x800'1b03    0x5a  Code  Gb  queue.o [1]
vQueueWaitForMessageRestricted
                         0x800'1b61    0x4c  Code  Gb  queue.o [1]
vTaskDelay               0x800'0423    0x4e  Code  Gb  tasks.o [1]
vTaskDelete              0x800'034f    0xd4  Code  Gb  tasks.o [1]
vTaskInternalSetTimeOutState
                         0x800'09fb    0x12  Code  Gb  tasks.o [1]
vTaskMissedYield         0x800'0a9f     0x8  Code  Gb  tasks.o [1]
vTaskPlaceOnEventList    0x800'085f    0x34  Code  Gb  tasks.o [1]
vTaskPlaceOnEventListRestricted
                         0x800'08a1    0x58  Code  Gb  tasks.o [1]
vTaskStartScheduler      0x800'0471    0x78  Code  Gb  tasks.o [1]
vTaskSuspendAll          0x800'04e9     0xc  Code  Gb  tasks.o [1]
vTaskSwitchContext       0x800'07ed    0x72  Code  Gb  tasks.o [1]
xActiveTimerList1       0x2000'2f68    0x14  Data  Lc  timers.o [1]
xActiveTimerList2       0x2000'2f7c    0x14  Data  Lc  timers.o [1]
xDelayedTaskList1       0x2000'2f04    0x14  Data  Lc  tasks.o [1]
xDelayedTaskList2       0x2000'2f18    0x14  Data  Lc  tasks.o [1]
xFreeBytesRemaining     0x2000'2fa8     0x4  Data  Lc  heap_4.o [1]
xHeapStructSize          0x800'2808     0x4  Data  Lc  heap_4.o [1]
xIdleTaskHandle         0x2000'2ff0     0x4  Data  Lc  tasks.o [1]
xMinimumEverFreeBytesRemaining
                        0x2000'2fac     0x4  Data  Lc  heap_4.o [1]
xNextTaskUnblockTime    0x2000'2fec     0x4  Data  Lc  tasks.o [1]
xNumOfOverflows         0x2000'2fe4     0x4  Data  Lc  tasks.o [1]
xNumberOfSuccessfulAllocations
                        0x2000'2fb0     0x4  Data  Lc  heap_4.o [1]
xNumberOfSuccessfulFrees
                        0x2000'2fb4     0x4  Data  Lc  heap_4.o [1]
xPendedTicks            0x2000'2fdc     0x4  Data  Lc  tasks.o [1]
xPendingReadyList       0x2000'2f2c    0x14  Data  Lc  tasks.o [1]
xPortStartScheduler      0x800'114b    0x8e  Code  Gb  port.o [1]
xQueueGenericCreate      0x800'1777    0x6c  Code  Gb  queue.o [1]
xQueueGenericReset       0x800'16ad    0xca  Code  Gb  queue.o [1]
xQueueReceive            0x800'181f   0x16a  Code  Gb  queue.o [1]
xQueueRegistry          0x2000'2ec4    0x40  Data  Gb  queue.o [1]
xSchedulerRunning       0x2000'2fd8     0x4  Data  Lc  tasks.o [1]
xStart                  0x2000'2f90     0x8  Data  Lc  heap_4.o [1]
xSuspendedTaskList      0x2000'2f54    0x14  Data  Lc  tasks.o [1]
xTaskCheckForTimeOut     0x800'0a0d    0x92  Code  Gb  tasks.o [1]
xTaskCreate              0x800'0131    0x7e  Code  Gb  tasks.o [1]
xTaskGetSchedulerState   0x800'0ba1    0x20  Code  Gb  tasks.o [1]
xTaskGetTickCount        0x800'0637     0x8  Code  Gb  tasks.o [1]
xTaskIncrementTick       0x800'065d   0x188  Code  Gb  tasks.o [1]
xTaskPriorityDisinherit
                         0x800'0bcd    0xc0  Code  Gb  tasks.o [1]
xTaskRemoveFromEventList
                         0x800'0901    0xfa  Code  Gb  tasks.o [1]
xTaskResumeAll           0x800'04f5   0x142  Code  Gb  tasks.o [1]
xTasksWaitingTermination
                        0x2000'2f40    0x14  Data  Lc  tasks.o [1]
xTickCount              0x2000'2fd0     0x4  Data  Lc  tasks.o [1]
xTimerCreateTimerTask    0x800'12ad    0x48  Code  Gb  timers.o [1]
xTimerQueue             0x2000'3000     0x4  Data  Lc  timers.o [1]
xTimerTaskHandle        0x2000'3004     0x4  Data  Lc  timers.o [1]
xYieldPending           0x2000'2fe0     0x4  Data  Lc  tasks.o [1]


[1] = E:\AnyId\Git\SoftWare\OSIO\OSIO\Build\Obj
[2] = dl7M_tlf.a
[3] = rt7M_tl.a
[4] = shb_l.a

  10'320 bytes of readonly  code memory
     160 bytes of readonly  data memory
  14'865 bytes of readwrite data memory

Errors: none
Warnings: none
